[git-scm.com/docs/index.html]
[backblue.gif]
[fade.gif]
[index.html]
[git-scm.com/assets/git-scm-e7baad50e93810401dcff271ffd82512.css]
[git-scm.com/assets/modernizr-0a2ce4076d64283b11c658f7ef3100c6.js]
[git-scm.com/assets/modernizr-tests-73fae1efb92f6d477f2f589e95775709.js]
[git-scm.com/images/logo@2x.png]
[git-scm.com/docs/git.html]
[git-scm.com/docs/git-help.html]
[git-scm.com/docs/git-config.html]
[git-scm.com/docs/git-init.html]
[git-scm.com/docs/git-clone.html]
[git-scm.com/docs/git-add.html]
[git-scm.com/docs/git-status.html]
[git-scm.com/docs/git-diff.html]
[git-scm.com/docs/git-commit.html]
[git-scm.com/docs/git-reset.html]
[git-scm.com/docs/git-rm.html]
[git-scm.com/docs/git-mv.html]
[git-scm.com/docs/git-branch.html]
[git-scm.com/docs/git-checkout.html]
[git-scm.com/docs/git-merge.html]
[git-scm.com/docs/git-mergetool.html]
[git-scm.com/docs/git-stash.html]
[git-scm.com/docs/git-log.html]
[git-scm.com/docs/git-tag.html]
[git-scm.com/docs/git-fetch.html]
[git-scm.com/docs/git-pull.html]
[git-scm.com/docs/git-push.html]
[git-scm.com/docs/git-remote.html]
[git-scm.com/docs/git-submodule.html]
[git-scm.com/docs/git-show.html]
[git-scm.com/docs/git-shortlog.html]
[git-scm.com/docs/git-describe.html]
[git-scm.com/docs/git-apply.html]
[git-scm.com/docs/git-cherry-pick.html]
[git-scm.com/docs/git-rebase.html]
[git-scm.com/docs/git-revert.html]
[git-scm.com/docs/git-bisect.html]
[git-scm.com/docs/git-blame.html]
[git-scm.com/docs/git-grep.html]
[git-scm.com/docs/gitattributes.html]
[git-scm.com/docs/giteveryday.html]
[git-scm.com/docs/gitglossary.html]
[git-scm.com/docs/gitignore.html]
[git-scm.com/docs/gitmodules.html]
[git-scm.com/docs/gitrevisions.html]
[git-scm.com/docs/gittutorial.html]
[git-scm.com/docs/gitworkflows.html]
[git-scm.com/docs/git-am.html]
[git-scm.com/docs/git-format-patch.html]
[git-scm.com/docs/git-send-email.html]
[git-scm.com/docs/git-request-pull.html]
[git-scm.com/docs/git-svn.html]
[git-scm.com/docs/git-fast-import.html]
[git-scm.com/docs/git-clean.html]
[git-scm.com/docs/git-gc.html]
[git-scm.com/docs/git-fsck.html]
[git-scm.com/docs/git-reflog.html]
[git-scm.com/docs/git-filter-branch.html]
[git-scm.com/docs/git-instaweb.html]
[git-scm.com/docs/git-archive.html]
[git-scm.com/docs/git-bundle.html]
[git-scm.com/docs/git-daemon.html]
[git-scm.com/docs/git-update-server-info.html]
[git-scm.com/docs/git-cat-file.html]
[git-scm.com/docs/git-check-ignore.html]
[git-scm.com/docs/git-commit-tree.html]
[git-scm.com/docs/git-count-objects.html]
[git-scm.com/docs/git-diff-index.html]
[git-scm.com/docs/git-for-each-ref.html]
[git-scm.com/docs/git-hash-object.html]
[git-scm.com/docs/git-ls-files.html]
[git-scm.com/docs/git-merge-base.html]
[git-scm.com/docs/git-read-tree.html]
[git-scm.com/docs/git-rev-list.html]
[git-scm.com/docs/git-rev-parse.html]
[git-scm.com/docs/git-show-ref.html]
[git-scm.com/docs/git-symbolic-ref.html]
[git-scm.com/docs/git-update-index.html]
[git-scm.com/docs/git-update-ref.html]
[git-scm.com/docs/git-verify-pack.html]
[git-scm.com/docs/git-write-tree.html]
[git-scm.com/assets/jquery-1.7.1.min-1e7a63d6feb237e04147914d7b3f8b05.js]
[git-scm.com/assets/jquery-ui-1.8.18.custom.min-01c113ee6bd3a021d2aceb47c8807458.js]
[git-scm.com/assets/jquery.defaultvalue-a3344e839433713d41ec7304ecdd6138.js]
[git-scm.com/assets/session.min-bf0ddfe17e69417e50f0eb3b9c3e1214.js]
[git-scm.com/docs/index.html]
[git-scm.com/assets/site-19b3bff50bab526421befb3d0b04eb62.js]
[git-scm.com/images/bg/body.jpg]
[git-scm.com/images/bg/isometric-grid.png]
[git-scm.com/images/bg/isometric-grid@2x.png]
[git-scm.com/images/icons/download.png]
[git-scm.com/images/icons/code.png]
[git-scm.com/images/icons/code@2x.png]
[git-scm.com/images/bg/search-header.jpg]
[git-scm.com/images/monitor-default.png]
[git-scm.com/images/monitor-default@2x.png]
[git-scm.com/images/monitor-mac.png]
[git-scm.com/images/monitor-mac@2x.png]
[git-scm.com/images/monitor-windows.png]
[git-scm.com/images/monitor-windows@2x.png]
[git-scm.com/images/monitor-linux.png]
[git-scm.com/images/monitor-linux@2x.png]
[git-scm.com/images/company-project-logos/facebook.png]
[git-scm.com/images/company-project-logos/google.png]
[git-scm.com/images/company-project-logos/google@2x.png]
[git-scm.com/images/company-project-logos/twitter.png]
[git-scm.com/images/company-project-logos/twitter@2x.png]
[git-scm.com/images/company-project-logos/microsoft.png]
[git-scm.com/images/company-project-logos/microsoft@2x.png]
[git-scm.com/images/company-project-logos/netflix.png]
[git-scm.com/images/company-project-logos/netflix@2x.png]
[git-scm.com/images/company-project-logos/linked-in.png]
[git-scm.com/images/company-project-logos/linked-in@2x.png]
[git-scm.com/images/company-project-logos/linux.png]
[git-scm.com/images/company-project-logos/linux@2x.png]
[git-scm.com/images/company-project-logos/perl.png]
[git-scm.com/images/company-project-logos/perl@2x.png]
[git-scm.com/images/company-project-logos/postgresql.png]
[git-scm.com/images/company-project-logos/postgresql@2x.png]
[git-scm.com/images/company-project-logos/facebook@2x.png]
[git-scm.com/images/company-project-logos/android.png]
[git-scm.com/images/company-project-logos/android@2x.png]
[git-scm.com/images/company-project-logos/rails.png]
[git-scm.com/images/company-project-logos/rails@2x.png]
[git-scm.com/images/company-project-logos/qt.png]
[git-scm.com/images/company-project-logos/qt@2x.png]
[git-scm.com/images/company-project-logos/gnome.png]
[git-scm.com/images/company-project-logos/gnome@2x.png]
[git-scm.com/images/company-project-logos/eclipse.png]
[git-scm.com/images/company-project-logos/eclipse@2x.png]
[git-scm.com/images/company-project-logos/kde.png]
[git-scm.com/images/company-project-logos/kde@2x.png]
[git-scm.com/images/company-project-logos/x.png]
[git-scm.com/images/company-project-logos/x@2x.png]
[git-scm.com/images/icons/gui.png]
[git-scm.com/images/icons/gui@2x.png]
[git-scm.com/images/icons/box.png]
[git-scm.com/images/icons/box@2x.png]
[git-scm.com/images/icons/windows.png]
[git-scm.com/images/icons/windows@2x.png]
[git-scm.com/images/icons/apple.png]
[git-scm.com/images/icons/apple@2x.png]
[git-scm.com/images/icons/linux.png]
[git-scm.com/images/icons/linux@2x.png]
[git-scm.com/images/icons/source-code.png]
[git-scm.com/images/icons/source-code@2x.png]
[git-scm.com/images/sidebar-divider.png]
[git-scm.com/images/sidebar-divider@2x.png]
[git-scm.com/images/icons/setup-sm.png]
[git-scm.com/images/icons/setup-sm@2x.png]
[git-scm.com/images/icons/projects-sm.png]
[git-scm.com/images/icons/projects-sm@2x.png]
[git-scm.com/images/icons/camera-sm.png]
[git-scm.com/images/icons/camera-sm@2x.png]
[git-scm.com/images/icons/branch-sm.png]
[git-scm.com/images/icons/branch-sm@2x.png]
[git-scm.com/images/icons/sharing-sm.png]
[git-scm.com/images/icons/sharing-sm@2x.png]
[git-scm.com/images/icons/inspection-sm.png]
[git-scm.com/images/icons/inspection-sm@2x.png]
[git-scm.com/images/icons/patching-sm.png]
[git-scm.com/images/icons/patching-sm@2x.png]
[git-scm.com/images/icons/debugging-sm.png]
[git-scm.com/images/icons/debugging-sm@2x.png]
[git-scm.com/images/icons/email-sm.png]
[git-scm.com/images/icons/email-sm@2x.png]
[git-scm.com/images/icons/external-sm.png]
[git-scm.com/images/icons/external-sm@2x.png]
[git-scm.com/images/icons/admin-sm.png]
[git-scm.com/images/icons/admin-sm@2x.png]
[git-scm.com/images/icons/server-admin-sm.png]
[git-scm.com/images/icons/server-admin-sm@2x.png]
[git-scm.com/images/icons/plumbing-sm.png]
[git-scm.com/images/icons/plumbing-sm@2x.png]
[git-scm.com/images/icons/document.png]
[git-scm.com/images/icons/document@2x.png]
[git-scm.com/images/icons/book.png]
[git-scm.com/images/icons/book@2x.png]
[git-scm.com/images/icons/search.png]
[git-scm.com/images/icons/search@2x.png]
[git-scm.com/images/icons/info.png]
[git-scm.com/images/icons/info@2x.png]
[git-scm.com/images/icons/nav-circles.png]
[git-scm.com/images/icons/nav-circles@2x.png]
[git-scm.com/images/icons/document-sm.png]
[git-scm.com/images/icons/document-sm@2x.png]
[git-scm.com/images/icons/book-sm.png]
[git-scm.com/images/icons/book-sm@2x.png]
[git-scm.com/images/icons/film-sm.png]
[git-scm.com/images/icons/film-sm@2x.png]
[git-scm.com/assets/git-scm-e7baad50e93810401dcff271ffd82512.css]
[use.typekit.com/jsq2fql.js]
[git-scm.com/docs/git/2.14.html]
[git-scm.com/images/icons/green-dot.png]
[git-scm.com/images/icons/red-dot.png]
[git-scm.com/images/icons/grey-dot.png]
[git-scm.com/docs/git/2.13.html]
[git-scm.com/docs/git/2.13-2.html]
[git-scm.com/docs/git/2.12.html]
[git-scm.com/docs/git/2.12-2.html]
[git-scm.com/docs/git/2.12-3.html]
[git-scm.com/docs/git/2.12-4.html]
[git-scm.com/docs/git/2.11.html]
[git-scm.com/docs/git/2.11-2.html]
[git-scm.com/docs/git/2.11-3.html]
[git-scm.com/docs/git/2.10.html]
[git-scm.com/docs/git/2.10-2.html]
[git-scm.com/docs/git/2.10-3.html]
[git-scm.com/docs/git/2.10-4.html]
[git-scm.com/docs/git/2.9.html]
[git-scm.com/docs/git/2.9-2.html]
[git-scm.com/docs/git/2.9-3.html]
[git-scm.com/docs/git/2.9-4.html]
[git-scm.com/docs/git/2.9-5.html]
[git-scm.com/docs/git/2.8.html]
[git-scm.com/docs/git/2.8-2.html]
[git-scm.com/docs/git/2.8-3.html]
[git-scm.com/docs/git/2.8-4.html]
[git-scm.com/docs/git/2.8-5.html]
[git-scm.com/docs/git/2.8-6.html]
[git-scm.com/docs/git/2.7.html]
[git-scm.com/docs/git/2.7-2.html]
[git-scm.com/docs/git/2.7-3.html]
[git-scm.com/docs/git/2.7-4.html]
[git-scm.com/docs/git/2.7-5.html]
[git-scm.com/docs/git/2.7-6.html]
[git-scm.com/docs/git/2.6.html]
[git-scm.com/docs/git/2.6-2.html]
[git-scm.com/docs/git/2.6-3.html]
[git-scm.com/docs/git/2.6-4.html]
[git-scm.com/docs/git/2.6-5.html]
[git-scm.com/docs/git/2.6-6.html]
[git-scm.com/docs/git/2.6-7.html]
[git-scm.com/docs/git/2.6-8.html]
[git-scm.com/docs/git/2.5.html]
[git-scm.com/docs/git/2.5-2.html]
[git-scm.com/docs/git/2.5-3.html]
[git-scm.com/docs/git/2.5-4.html]
[git-scm.com/docs/git/2.5-5.html]
[git-scm.com/docs/git/2.5-6.html]
[git-scm.com/docs/git/2.5-7.html]
[git-scm.com/docs/git/2.4.html]
[git-scm.com/docs/git/2.4-2.html]
[git-scm.com/docs/git/2.4-3.html]
[git-scm.com/docs/git/2.4-4.html]
[git-scm.com/docs/git/2.4-5.html]
[git-scm.com/docs/git/2.4-6.html]
[git-scm.com/docs/git/2.4-7.html]
[git-scm.com/docs/git/2.4-8.html]
[git-scm.com/docs/git/2.4-9.html]
[git-scm.com/docs/git/2.4-10.html]
[git-scm.com/docs/git/2.4-11.html]
[git-scm.com/docs/git/2.4-12.html]
[git-scm.com/docs/git/2.4-13.html]
[git-scm.com/docs/git/2.3.html]
[git-scm.com/docs/git/2.3-2.html]
[git-scm.com/docs/git/2.3-3.html]
[git-scm.com/docs/git/2.3-4.html]
[git-scm.com/docs/git/2.3-5.html]
[git-scm.com/docs/git/2.3-6.html]
[git-scm.com/docs/git/2.3-7.html]
[git-scm.com/docs/git/2.3-8.html]
[git-scm.com/docs/git/2.3-9.html]
[git-scm.com/docs/git/2.3-10.html]
[git-scm.com/docs/git/2.3-11.html]
[git-scm.com/docs/git/2.2.html]
[git-scm.com/docs/git/2.2-2.html]
[git-scm.com/docs/git/2.2-3.html]
[git-scm.com/docs/git/2.2-4.html]
[git-scm.com/docs/git/2.1.html]
[git-scm.com/docs/git/2.1-2.html]
[git-scm.com/docs/git/2.1-3.html]
[git-scm.com/docs/git/2.1-4.html]
[git-scm.com/docs/git/2.1-5.html]
[git-scm.com/docs/git/2.0.html]
[git-scm.com/docs/git/2.0-2.html]
[git-scm.com/docs/git/2.0-3.html]
[git-scm.com/docs/git/2.0-4.html]
[git-scm.com/docs/gitcli.html]
[git-scm.com/docs/user-manual.html]
[git-scm.com/docs/gitnamespaces.html]
[git-scm.com/docs/git-replace.html]
[git-scm.com/docs/git-citool.html]
[git-scm.com/docs/git-gui.html]
[git-scm.com/docs/gitk.html]
[git-scm.com/docs/git-notes.html]
[git-scm.com/docs/git-worktree.html]
[git-scm.com/docs/git-fast-export.html]
[git-scm.com/docs/git-pack-refs.html]
[git-scm.com/docs/git-prune.html]
[git-scm.com/docs/git-repack.html]
[git-scm.com/docs/git-annotate.html]
[git-scm.com/docs/git-cherry.html]
[git-scm.com/docs/git-difftool.html]
[git-scm.com/docs/git-get-tar-commit-id.html]
[git-scm.com/docs/git-merge-tree.html]
[git-scm.com/docs/git-rerere.html]
[git-scm.com/docs/git-show-branch.html]
[git-scm.com/docs/git-verify-commit.html]
[git-scm.com/docs/git-verify-tag.html]
[git-scm.com/docs/gitweb.html]
[git-scm.com/docs/git-whatchanged.html]
[git-scm.com/docs/git-archimport.html]
[git-scm.com/docs/git-cvsexportcommit.html]
[git-scm.com/docs/git-cvsimport.html]
[git-scm.com/docs/git-cvsserver.html]
[git-scm.com/docs/git-imap-send.html]
[git-scm.com/docs/git-p4.html]
[git-scm.com/docs/git-quiltimport.html]
[git-scm.com/docs/git-checkout-index.html]
[git-scm.com/docs/git-index-pack.html]
[git-scm.com/docs/git-merge-file.html]
[git-scm.com/docs/git-merge-index.html]
[git-scm.com/docs/git-mktag.html]
[git-scm.com/docs/git-mktree.html]
[git-scm.com/docs/git-pack-objects.html]
[git-scm.com/docs/git-prune-packed.html]
[git-scm.com/docs/git-unpack-objects.html]
[git-scm.com/docs/git-diff-files.html]
[git-scm.com/docs/git-diff-tree.html]
[git-scm.com/docs/git-ls-remote.html]
[git-scm.com/docs/git-ls-tree.html]
[git-scm.com/docs/git-name-rev.html]
[git-scm.com/docs/git-pack-redundant.html]
[git-scm.com/docs/git-show-index.html]
[git-scm.com/docs/git-unpack-file.html]
[git-scm.com/docs/git-var.html]
[git-scm.com/docs/git-fetch-pack.html]
[git-scm.com/docs/git-http-backend.html]
[git-scm.com/docs/git-send-pack.html]
[git-scm.com/docs/git-http-fetch.html]
[git-scm.com/docs/git-http-push.html]
[git-scm.com/docs/git-parse-remote.html]
[git-scm.com/docs/git-receive-pack.html]
[git-scm.com/docs/git-shell.html]
[git-scm.com/docs/git-upload-archive.html]
[git-scm.com/docs/git-upload-pack.html]
[git-scm.com/docs/git-check-attr.html]
[git-scm.com/docs/git-check-mailmap.html]
[git-scm.com/docs/git-check-ref-format.html]
[git-scm.com/docs/git-column.html]
[git-scm.com/docs/git-credential.html]
[git-scm.com/docs/git-credential-cache.html]
[git-scm.com/docs/git-credential-store.html]
[git-scm.com/docs/git-fmt-merge-msg.html]
[git-scm.com/docs/git-interpret-trailers.html]
[git-scm.com/docs/git-mailinfo.html]
[git-scm.com/docs/git-mailsplit.html]
[git-scm.com/docs/git-merge-one-file.html]
[git-scm.com/docs/git-patch-id.html]
[git-scm.com/docs/git-sh-i18n.html]
[git-scm.com/docs/git-sh-setup.html]
[git-scm.com/docs/git-stripspace.html]
[git-scm.com/docs/gitrepository-layout.html]
[git-scm.com/docs/githooks.html]
[git-scm.com/docs/gitcore-tutorial.html]
[git-scm.com/docs/gitcvs-migration.html]
[git-scm.com/docs/git.html]
[git-scm.com/docs/gittutorial-2.html]
[git-scm.com/docs/git-config/2.14.html]
[git-scm.com/docs/git-config/2.9.html]
[git-scm.com/docs/git-config/2.9-2.html]
[git-scm.com/docs/git-config/2.8.html]
[git-scm.com/docs/git-config/2.9-3.html]
[git-scm.com/docs/git-config/2.8-2.html]
[git-scm.com/docs/git-config/2.6.html]
[git-scm.com/docs/git-config/2.8-3.html]
[git-scm.com/docs/git-config/2.4.html]
[git-scm.com/docs/git-web{litdd}browse]
[git-scm.com/docs/gitcredentials.html]
[git-scm.com/docs/git-config/2.1.html]
[git-scm.com/docs/git-config.html]
[git-scm.com/docs/gitweb-2.html]
[git-scm.com/docs/git-help/2.9.html]
[git-scm.com/docs/git-help/2.9-2.html]
[git-scm.com/docs/git-help.html]
[git-scm.com/docs/git-help/2.1.html]
[git-scm.com/docs/git-init/2.12.html]
[git-scm.com/docs/git-init/2.9.html]
[git-scm.com/docs/git-init/2.9-2.html]
[git-scm.com/docs/git-init/2.4.html]
[git-scm.com/docs/git-init.html]
[git-scm.com/docs/git-init/2.2.html]
[git-scm.com/docs/git-clone/2.14.html]
[git-scm.com/docs/git-clone/2.13.html]
[git-scm.com/docs/git-clone/2.11.html]
[git-scm.com/docs/git-clone/2.9.html]
[git-scm.com/docs/git-clone/2.9-2.html]
[git-scm.com/docs/git-clone/2.8.html]
[git-scm.com/docs/git-clone/2.7.html]
[git-scm.com/docs/git-clone/2.7-2.html]
[git-scm.com/docs/git-clone/2.3.html]
[git-scm.com/docs/git-clone.html]
[git-scm.com/docs/gitremote-helpers.html]
[git-scm.com/docs/git-add/2.10.html]
[git-scm.com/docs/git-add/2.14.html]
[git-scm.com/docs/git-add/2.7.html]
[git-scm.com/docs/git-add/2.4-2.html]
[git-scm.com/docs/git-add/2.4.html]
[git-scm.com/docs/git-add.html]
[git-scm.com/docs/git-add/2.3.html]
[git-scm.com/docs/git-status/2.14.html]
[git-scm.com/docs/git-status/2.13.html]
[git-scm.com/docs/git-status/2.11.html]
[git-scm.com/docs/git-status/2.6.html]
[git-scm.com/docs/git-status/2.5.html]
[git-scm.com/docs/git-status/2.4.html]
[git-scm.com/docs/git-status.html]
[git-scm.com/docs/git-status/2.2.html]
[git-scm.com/docs/git-diff/2.14.html]
[git-scm.com/docs/git-diff/2.13.html]
[git-scm.com/docs/git-diff.html]
[git-scm.com/docs/gitdiffcore.html]
[git-scm.com/docs/git-commit/2.13.html]
[git-scm.com/docs/git-commit/2.13-2.html]
[git-scm.com/docs/git-commit/2.12.html]
[git-scm.com/docs/git-commit/2.11.html]
[git-scm.com/docs/git-commit/2.10.html]
[git-scm.com/docs/git-commit/2.9.html]
[git-scm.com/docs/git-commit/2.9-2.html]
[git-scm.com/docs/git-commit/2.9-3.html]
[git-scm.com/docs/git-commit/2.7.html]
[git-scm.com/docs/git-commit/2.6.html]
[git-scm.com/docs/git-commit/2.4.html]
[git-scm.com/docs/git-commit/2.4-2.html]
[git-scm.com/docs/git-commit.html]
[git-scm.com/docs/git-commit/2.4-3.html]
[git-scm.com/docs/git-commit/2.2.html]
[git-scm.com/docs/git-reset/2.14.html]
[git-scm.com/docs/git-reset/2.13.html]
[git-scm.com/docs/git-reset.html]
[git-scm.com/docs/git-reset/2.12.html]
[git-scm.com/docs/git-rm/2.14.html]
[git-scm.com/docs/git-rm/2.13.html]
[git-scm.com/docs/git-rm.html]
[git-scm.com/docs/gitsubmodules.html]
[git-scm.com/docs/git-mv.html]
[git-scm.com/docs/git-mv/2.9.html]
[git-scm.com/docs/git-branch/2.14.html]
[git-scm.com/docs/git-branch/2.13.html]
[git-scm.com/docs/git-branch/2.12.html]
[git-scm.com/docs/git-branch/2.9.html]
[git-scm.com/docs/git-branch/2.7.html]
[git-scm.com/docs/git-branch/2.6.html]
[git-scm.com/docs/git-branch/2.4.html]
[git-scm.com/docs/git-branch.html]
[git-scm.com/docs/git-branch/2.4-2.html]
[git-scm.com/docs/git-checkout/2.13.html]
[git-scm.com/docs/git-checkout/2.9.html]
[git-scm.com/docs/git-checkout/2.10.html]
[git-scm.com/docs/git-checkout/2.7.html]
[git-scm.com/docs/git-checkout/2.5.html]
[git-scm.com/docs/git-checkout/2.5-2.html]
[git-scm.com/docs/git-checkout/2.4.html]
[git-scm.com/docs/git-checkout.html]
[git-scm.com/docs/git-checkout/2.4-2.html]
[git-scm.com/docs/git-merge/2.14.html]
[git-scm.com/docs/git-merge/2.13.html]
[git-scm.com/docs/git-merge/2.12.html]
[git-scm.com/docs/git-merge/2.9.html]
[git-scm.com/docs/git-merge/2.6.html]
[git-scm.com/docs/git-merge/2.6-2.html]
[git-scm.com/docs/git-merge/2.5.html]
[git-scm.com/docs/git-merge/2.4.html]
[git-scm.com/docs/git-merge.html]
[git-scm.com/docs/git-merge/2.1.html]
[git-scm.com/docs/git-mergetool/2.11.html]
[git-scm.com/docs/git-mergetool.html]
[git-scm.com/docs/git-mergetool/2.1.html]
[git-scm.com/docs/git-log/2.14.html]
[git-scm.com/docs/git-log/2.10.html]
[git-scm.com/docs/git-log/2.9-2.html]
[git-scm.com/docs/git-log/2.9.html]
[git-scm.com/docs/git-log/2.6.html]
[git-scm.com/docs/git-log/2.6-2.html]
[git-scm.com/docs/git-log/2.4-2.html]
[git-scm.com/docs/git-log/2.4.html]
[git-scm.com/docs/git-log.html]
[git-scm.com/docs/git-log/2.3.html]
[git-scm.com/docs/git-stash/2.14.html]
[git-scm.com/docs/git-stash/2.13.html]
[git-scm.com/docs/git-stash/2.12.html]
[git-scm.com/docs/git-stash/2.11.html]
[git-scm.com/docs/git-stash.html]
[git-scm.com/docs/git-stash/2.7.html]
[git-scm.com/docs/git-tag/2.14.html]
[git-scm.com/docs/git-tag/2.13.html]
[git-scm.com/docs/git-tag/2.13-2.html]
[git-scm.com/docs/git-tag/2.12.html]
[git-scm.com/docs/git-tag/2.10.html]
[git-scm.com/docs/git-tag/2.9.html]
[git-scm.com/docs/git-tag/2.9-2.html]
[git-scm.com/docs/git-tag/2.7-2.html]
[git-scm.com/docs/git-tag/2.7.html]
[git-scm.com/docs/git-tag/2.6.html]
[git-scm.com/docs/git-tag/2.6-2.html]
[git-scm.com/docs/git-tag/2.5.html]
[git-scm.com/docs/git-tag/2.4.html]
[git-scm.com/docs/git-tag/2.4-2.html]
[git-scm.com/docs/git-tag/2.1.html]
[git-scm.com/docs/git-tag/2.1-2.html]
[git-scm.com/docs/git-tag.html]
[git-scm.com/docs/git-tag/2.0.html]
[git-scm.com/docs/git-fetch/2.10.html]
[git-scm.com/docs/git-fetch/2.4.html]
[git-scm.com/docs/git-fetch/2.6.html]
[git-scm.com/docs/git-fetch.html]
[git-scm.com/docs/git-fetch/2.1.html]
[git-scm.com/docs/git-pull/2.14.html]
[git-scm.com/docs/git-pull/2.13.html]
[git-scm.com/docs/git-pull/2.13-2.html]
[git-scm.com/docs/git-pull/2.11.html]
[git-scm.com/docs/git-pull/2.9.html]
[git-scm.com/docs/git-pull/2.8.html]
[git-scm.com/docs/git-pull/2.5.html]
[git-scm.com/docs/git-fetch/2.11.html]
[git-scm.com/docs/git-pull/2.4.html]
[git-scm.com/docs/git-pull.html]
[git-scm.com/docs/git-pull/2.3.html]
[git-scm.com/docs/git-push/2.13.html]
[git-scm.com/docs/git-push/2.12.html]
[git-scm.com/docs/git-push/2.11.html]
[git-scm.com/docs/git-push/2.10.html]
[git-scm.com/docs/git-push/2.9.html]
[git-scm.com/docs/git-push/2.9-2.html]
[git-scm.com/docs/git-push/2.9-3.html]
[git-scm.com/docs/git-push/2.8.html]
[git-scm.com/docs/git-push/2.7.html]
[git-scm.com/docs/git-push/2.7-2.html]
[git-scm.com/docs/git-push/2.6.html]
[git-scm.com/docs/git-push/2.6-2.html]
[git-scm.com/docs/git-push/2.4.html]
[git-scm.com/docs/git-push/2.4-2.html]
[git-scm.com/docs/git-push/2.3.html]
[git-scm.com/docs/git-push/2.3-2.html]
[git-scm.com/docs/git-push/2.2.html]
[git-scm.com/docs/git-push.html]
[git-scm.com/docs/git-push/2.2-2.html]
[git-scm.com/docs/git-push/2.1.html]
[git-scm.com/docs/git-remote/2.9.html]
[git-scm.com/docs/git-remote/2.7.html]
[git-scm.com/docs/git-remote/2.6.html]
[git-scm.com/docs/git-remote/2.3.html]
[git-scm.com/docs/git-remote.html]
[git-scm.com/docs/git-remote/2.3-2.html]
[git-scm.com/docs/git-submodule/2.14.html]
[git-scm.com/docs/git-submodule/2.13.html]
[git-scm.com/docs/git-submodule/2.12.html]
[git-scm.com/docs/git-submodule/2.10.html]
[git-scm.com/docs/git-submodule/2.10-2.html]
[git-scm.com/docs/git-submodule/2.9.html]
[git-scm.com/docs/git-submodule/2.8.html]
[git-scm.com/docs/git-submodule/2.6.html]
[git-scm.com/docs/git-submodule/2.4.html]
[git-scm.com/docs/git-submodule/2.3.html]
[git-scm.com/docs/git-submodule.html]
[git-scm.com/docs/git-submodule/2.0.html]
[git-scm.com/docs/git-show.html]
[git-scm.com/docs/git-show/2.14.html]
[git-scm.com/docs/git-show/2.4.html]
[git-scm.com/docs/git-shortlog.html]
[git-scm.com/docs/git-shortlog/2.12.html]
[git-scm.com/docs/git-describe/2.13.html]
[git-scm.com/docs/git-describe/2.9.html]
[git-scm.com/docs/git-describe/2.6.html]
[git-scm.com/docs/git-describe.html]
[git-scm.com/docs/git-describe/2.4.html]
[git-scm.com/docs/git-apply/2.13.html]
[git-scm.com/docs/git-apply/2.8.html]
[git-scm.com/docs/git-apply/2.4.html]
[git-scm.com/docs/git-apply.html]
[git-scm.com/docs/git-apply/2.3.html]
[git-scm.com/docs/git-cherry-pick/2.9.html]
[git-scm.com/docs/git-cherry-pick/2.9-2.html]
[git-scm.com/docs/git-cherry-pick/2.7.html]
[git-scm.com/docs/git-cherry-pick/2.6.html]
[git-scm.com/docs/git-cherry-pick.html]
[git-scm.com/docs/git-cherry-pick/2.3.html]
[git-scm.com/docs/git-rebase/2.14.html]
[git-scm.com/docs/git-rebase/2.13.html]
[git-scm.com/docs/git-rebase/2.13-2.html]
[git-scm.com/docs/git-rebase/2.12.html]
[git-scm.com/docs/git-rebase/2.9.html]
[git-scm.com/docs/git-rebase/2.9-2.html]
[git-scm.com/docs/git-rebase/2.8.html]
[git-scm.com/docs/git-rebase/2.6-2.html]
[git-scm.com/docs/git-rebase/2.6.html]
[git-scm.com/docs/git-rebase/2.6-3.html]
[git-scm.com/docs/git-rebase/2.4.html]
[git-scm.com/docs/git-rebase/2.4-2.html]
[git-scm.com/docs/git-rebase/2.3.html]
[git-scm.com/docs/git-rebase/2.2.html]
[git-scm.com/docs/git-rebase/2.1.html]
[git-scm.com/docs/git-rebase.html]
[git-scm.com/docs/git-revert/2.9.html]
[git-scm.com/docs/git-revert/2.7.html]
[git-scm.com/docs/git-revert/2.6.html]
[git-scm.com/docs/git-revert.html]
[git-scm.com/docs/git-bisect/2.13.html]
[git-scm.com/docs/git-bisect/2.11.html]
[git-scm.com/docs/git-bisect/2.9.html]
[git-scm.com/docs/git-bisect/2.9-2.html]
[git-scm.com/docs/git-bisect/2.7.html]
[git-scm.com/docs/git-bisect/2.6.html]
[git-scm.com/docs/git-bisect/2.6-2.html]
[git-scm.com/docs/git-bisect/2.1.html]
[git-scm.com/docs/git-bisect.html]
[git-scm.com/docs/git-bisect-lk2009.html]
[git-scm.com/docs/git-blame/2.14.html]
[git-scm.com/docs/git-blame/2.11.html]
[git-scm.com/docs/git-blame/2.8.html]
[git-scm.com/docs/git-blame.html]
[git-scm.com/docs/git-blame/2.5.html]
[git-scm.com/docs/git-grep/2.14.html]
[git-scm.com/docs/git-grep/2.12.html]
[git-scm.com/docs/git-grep/2.9.html]
[git-scm.com/docs/git-grep/2.9-2.html]
[git-scm.com/docs/git-grep/2.8.html]
[git-scm.com/docs/git-grep/2.6.html]
[git-scm.com/docs/git-grep.html]
[git-scm.com/docs/git-grep/2.1.html]
[git-scm.com/docs/gitattributes/2.14.html]
[git-scm.com/docs/gitattributes/2.13.html]
[git-scm.com/docs/gitattributes/2.13-2.html]
[git-scm.com/docs/gitattributes/2.11.html]
[git-scm.com/docs/gitattributes/2.11-2.html]
[git-scm.com/docs/gitattributes/2.10.html]
[git-scm.com/docs/gitattributes/2.9.html]
[git-scm.com/docs/gitattributes/2.9-2.html]
[git-scm.com/docs/gitattributes/2.6.html]
[git-scm.com/docs/gitattributes/2.5.html]
[git-scm.com/docs/gitattributes/2.4.html]
[git-scm.com/docs/gitattributes.html]
[git-scm.com/docs/gitattributes/2.2.html]
[git-scm.com/docs/giteveryday/2.12.html]
[git-scm.com/docs/giteveryday/2.6.html]
[git-scm.com/docs/giteveryday.html]
[git-scm.com/docs/gitglossary/2.14.html]
[git-scm.com/docs/gitglossary.html]
[git-scm.com/docs/gitglossary/2.12.html]
[git-scm.com/docs/gitglossary/2.2.html]
[git-scm.com/docs/gitignore/2.9.html]
[git-scm.com/docs/gitignore/2.7.html]
[git-scm.com/docs/gitignore/2.7-2.html]
[git-scm.com/docs/gitignore/2.4.html]
[git-scm.com/docs/gitignore/2.3.html]
[git-scm.com/docs/gitignore.html]
[git-scm.com/docs/gitignore/2.1.html]
[git-scm.com/docs/gitmodules/2.13.html]
[git-scm.com/docs/gitmodules/2.10.html]
[git-scm.com/docs/gitmodules/2.10-2.html]
[git-scm.com/docs/gitmodules/2.9.html]
[git-scm.com/docs/gitmodules.html]
[git-scm.com/docs/gitmodules/2.3.html]
[git-scm.com/docs/gitrevisions/2.14.html]
[git-scm.com/docs/gitrevisions/2.10.html]
[git-scm.com/docs/gitrevisions.html]
[git-scm.com/docs/gitrevisions/2.6.html]
[git-scm.com/docs/gittutorial/2.12.html]
[git-scm.com/docs/gittutorial.html]
[git-scm.com/docs/gittutorial/2.8.html]
[git-scm.com/docs/gittutorial/2.2.html]
[git-scm.com/docs/gitworkflows.html]
[git-scm.com/docs/gitworkflows/2.12.html]
[git-scm.com/docs/git-am/2.10.html]
[git-scm.com/docs/git-am/2.9.html]
[git-scm.com/docs/git-am/2.7.html]
[git-scm.com/docs/git-am/2.6.html]
[git-scm.com/docs/git-am/2.6-2.html]
[git-scm.com/docs/git-am/2.3.html]
[git-scm.com/docs/git-am/2.3-2.html]
[git-scm.com/docs/git-am.html]
[git-scm.com/docs/git-am/2.2.html]
[git-scm.com/docs/git-format-patch/2.14.html]
[git-scm.com/docs/git-format-patch/2.13.html]
[git-scm.com/docs/git-format-patch/2.12.html]
[git-scm.com/docs/git-format-patch/2.11.html]
[git-scm.com/docs/git-format-patch/2.9.html]
[git-scm.com/docs/git-format-patch/2.9-2.html]
[git-scm.com/docs/git-format-patch/2.8.html]
[git-scm.com/docs/git-format-patch/2.7.html]
[git-scm.com/docs/git-format-patch/2.7-2.html]
[git-scm.com/docs/git-format-patch/2.6.html]
[git-scm.com/docs/git-format-patch/2.4.html]
[git-scm.com/docs/git-format-patch.html]
[git-scm.com/docs/git-format-patch/2.4-2.html]
[git-scm.com/docs/git-format-patch/2.1.html]
[git-scm.com/docs/git-send-email/2.14.html]
[git-scm.com/docs/git-send-email/2.12.html]
[git-scm.com/docs/git-send-email/2.9.html]
[git-scm.com/docs/git-send-email/2.9-2.html]
[git-scm.com/docs/git-send-email/2.9-3.html]
[git-scm.com/docs/git-send-email/2.7.html]
[git-scm.com/docs/git-send-email/2.6.html]
[git-scm.com/docs/git-send-email/2.5.html]
[git-scm.com/docs/git-send-email/2.4.html]
[git-scm.com/docs/git-send-email/2.3.html]
[git-scm.com/docs/git-send-email.html]
[git-scm.com/docs/git-send-email/2.1.html]
[git-scm.com/docs/git-request-pull.html]
[git-scm.com/docs/git-request-pull/2.6.html]
[git-scm.com/docs/git-svn/2.14.html]
[git-scm.com/docs/git-svn/2.11.html]
[git-scm.com/docs/git-svn/2.10.html]
[git-scm.com/docs/git-svn/2.9.html]
[git-scm.com/docs/git-svn/2.9-2.html]
[git-scm.com/docs/git-svn/2.8.html]
[git-scm.com/docs/git-svn/2.5.html]
[git-scm.com/docs/git-svn/2.4.html]
[git-scm.com/docs/git-svn/2.2.html]
[git-scm.com/docs/git-svn.html]
[git-scm.com/docs/git-svn/2.1.html]
[git-scm.com/docs/git-fast-import/2.14.html]
[git-scm.com/docs/git-fast-import/2.10.html]
[git-scm.com/docs/git-fast-import/2.6.html]
[git-scm.com/docs/git-fast-import/2.9.html]
[git-scm.com/docs/git-fast-import/2.4.html]
[git-scm.com/docs/git-fast-import/2.3.html]
[git-scm.com/docs/git-fast-import/2.2.html]
[git-scm.com/docs/git-fast-import.html]
[git-scm.com/docs/git-fast-import/2.1.html]
[git-scm.com/docs/git-clean/2.9.html]
[git-scm.com/docs/git-clean/2.7.html]
[git-scm.com/docs/git-clean/2.3.html]
[git-scm.com/docs/git-clean.html]
[git-scm.com/docs/git-clean/2.2.html]
[git-scm.com/docs/git-gc/2.12.html]
[git-scm.com/docs/git-gc/2.11.html]
[git-scm.com/docs/git-gc/2.9.html]
[git-scm.com/docs/git-gc/2.6.html]
[git-scm.com/docs/git-gc.html]
[git-scm.com/docs/git-gc/2.4.html]
[git-scm.com/docs/git-fsck/2.10.html]
[git-scm.com/docs/git-fsck/2.9.html]
[git-scm.com/docs/git-fsck.html]
[git-scm.com/docs/git-fsck/2.6.html]
[git-scm.com/docs/git-reflog/2.6.html]
[git-scm.com/docs/git-reflog.html]
[git-scm.com/docs/git-reflog/2.4.html]
[git-scm.com/docs/git-filter-branch/2.14.html]
[git-scm.com/docs/git-filter-branch/2.13.html]
[git-scm.com/docs/git-filter-branch/2.12.html]
[git-scm.com/docs/git-filter-branch/2.9.html]
[git-scm.com/docs/git-filter-branch/2.9-2.html]
[git-scm.com/docs/git-filter-branch/2.8.html]
[git-scm.com/docs/git-filter-branch.html]
[git-scm.com/docs/git-filter-branch/2.2.html]
[git-scm.com/docs/git-instaweb/2.9.html]
[git-scm.com/docs/git-instaweb.html]
[git-scm.com/docs/git-archive.html]
[git-scm.com/docs/git-instaweb/2.4.html]
[git-scm.com/docs/git-bundle.html]
[git-scm.com/docs/git-bundle/2.8.html]
[git-scm.com/docs/git-daemon/2.9.html]
[git-scm.com/docs/git-daemon/2.9-2.html]
[git-scm.com/docs/git-daemon.html]
[git-scm.com/docs/git-update-server-info.html]
[git-scm.com/docs/git-daemon/2.1.html]
[git-scm.com/docs/git-cat-file/2.11.html]
[git-scm.com/docs/git-cat-file/2.9.html]
[git-scm.com/docs/git-cat-file/2.6.html]
[git-scm.com/docs/git-cat-file/2.6-2.html]
[git-scm.com/docs/git-cat-file.html]
[git-scm.com/docs/git-cat-file/2.5.html]
[git-scm.com/docs/git-check-ignore/2.8.html]
[git-scm.com/docs/git-check-ignore/2.6.html]
[git-scm.com/docs/git-check-ignore/2.6-2.html]
[git-scm.com/docs/git-check-ignore/2.4.html]
[git-scm.com/docs/git-check-ignore.html]
[git-scm.com/docs/git-check-ignore/2.3.html]
[git-scm.com/docs/git-commit-tree/2.14.html]
[git-scm.com/docs/git-commit-tree/2.9.html]
[git-scm.com/docs/git-commit-tree/2.9-2.html]
[git-scm.com/docs/git-commit-tree/2.6.html]
[git-scm.com/docs/git-commit-tree/2.6-2.html]
[git-scm.com/docs/git-commit-tree.html]
[git-scm.com/docs/git-commit-tree/2.4.html]
[git-scm.com/docs/git-count-objects.html]
[git-scm.com/docs/git-count-objects/2.11.html]
[git-scm.com/docs/git-diff-index/2.14.html]
[git-scm.com/docs/git-diff-index.html]
[git-scm.com/docs/git-diff-index/2.9.html]
[git-scm.com/docs/git-for-each-ref/2.14.html]
[git-scm.com/docs/git-for-each-ref/2.13.html]
[git-scm.com/docs/git-for-each-ref/2.12.html]
[git-scm.com/docs/git-for-each-ref/2.9.html]
[git-scm.com/docs/git-for-each-ref/2.8.html]
[git-scm.com/docs/git-for-each-ref/2.8-2.html]
[git-scm.com/docs/git-for-each-ref/2.8-3.html]
[git-scm.com/docs/git-for-each-ref/2.7.html]
[git-scm.com/docs/git-for-each-ref/2.7-2.html]
[git-scm.com/docs/git-for-each-ref.html]
[git-scm.com/docs/git-for-each-ref/2.5.html]
[git-scm.com/docs/git-hash-object/2.6.html]
[git-scm.com/docs/git-hash-object.html]
[git-scm.com/docs/git-hash-object/2.4.html]
[git-scm.com/docs/git-ls-files/2.13.html]
[git-scm.com/docs/git-ls-files/2.11.html]
[git-scm.com/docs/git-ls-files/2.10.html]
[git-scm.com/docs/git-ls-files/2.9.html]
[git-scm.com/docs/git-ls-files/2.8.html]
[git-scm.com/docs/git-ls-files.html]
[git-scm.com/docs/git-ls-files/2.1.html]
[git-scm.com/docs/git-merge-base.html]
[git-scm.com/docs/git-merge-base/2.10.html]
[git-scm.com/docs/git-read-tree/2.13.html]
[git-scm.com/docs/git-read-tree/2.13-2.html]
[git-scm.com/docs/git-read-tree.html]
[git-scm.com/docs/git-read-tree/2.1.html]
[git-scm.com/docs/git-rev-list/2.14.html]
[git-scm.com/docs/git-rev-list/2.7.html]
[git-scm.com/docs/git-rev-list/2.4.html]
[git-scm.com/docs/git-rev-list/2.4-2.html]
[git-scm.com/docs/git-rev-list/2.3.html]
[git-scm.com/docs/git-rev-list.html]
[git-scm.com/docs/git-rev-list/2.2.html]
[git-scm.com/docs/git-rev-parse/2.13.html]
[git-scm.com/docs/git-rev-parse/2.13-2.html]
[git-scm.com/docs/git-rev-parse/2.12.html]
[git-scm.com/docs/git-rev-parse/2.5.html]
[git-scm.com/docs/git-rev-parse/2.5-2.html]
[git-scm.com/docs/git-rev-parse/2.4.html]
[git-scm.com/docs/git-rev-parse/2.2.html]
[git-scm.com/docs/git-rev-parse/2.1.html]
[git-scm.com/docs/git-rev-parse.html]
[git-scm.com/docs/git-rev-parse/2.0.html]
[git-scm.com/docs/git-show-ref/2.9.html]
[git-scm.com/docs/git-show-ref.html]
[git-scm.com/docs/git-symbolic-ref.html]
[git-scm.com/docs/git-show-ref/2.6.html]
[git-scm.com/docs/git-update-index/2.13.html]
[git-scm.com/docs/git-update-index/2.9.html]
[git-scm.com/docs/git-update-index/2.8.html]
[git-scm.com/docs/git-update-index/2.6.html]
[git-scm.com/docs/git-update-index/2.6-2.html]
[git-scm.com/docs/git-update-index/2.5.html]
[git-scm.com/docs/git-update-index/2.3.html]
[git-scm.com/docs/git-update-index/2.2.html]
[git-scm.com/docs/git-update-index.html]
[git-scm.com/docs/git-update-index/2.1.html]
[git-scm.com/docs/git-update-ref/2.6.html]
[git-scm.com/docs/git-update-ref.html]
[git-scm.com/docs/git-update-ref/2.1.html]
[git-scm.com/docs/git-verify-pack.html]
[git-scm.com/docs/git-write-tree.html]
[git-scm.com/docs/git-verify-pack/2.4.html]
[git-scm.com/docs/git/2.14.html]
[git-scm.com/docs/git/2.13.html]
[git-scm.com/docs/git/2.13-2.html]
[git-scm.com/docs/git/2.12.html]
[git-scm.com/docs/git/2.12-2.html]
[git-scm.com/docs/git/2.12-3.html]
[git-scm.com/docs/git/2.12-4.html]
[git-scm.com/docs/git-relink.html]
[git-scm.com/docs/git/2.11.html]
[git-scm.com/docs/git/2.11-2.html]
[git-scm.com/docs/git/2.11-3.html]
[git-scm.com/docs/git/2.10.html]
[git-scm.com/docs/git/2.10-2.html]
[git-scm.com/docs/git/2.10-3.html]
[git-scm.com/docs/git/2.10-4.html]
[git-scm.com/docs/git/2.9.html]
[git-scm.com/docs/git/2.9-2.html]
[git-scm.com/docs/git/2.9-3.html]
[git-scm.com/docs/git/2.9-4.html]
[git-scm.com/docs/git/2.9-5.html]
[git-scm.com/docs/git/2.8.html]
[git-scm.com/docs/git/2.8-2.html]
[git-scm.com/docs/git/2.8-3.html]
[git-scm.com/docs/git/2.8-4.html]
[git-scm.com/docs/git/2.8-5.html]
[git-scm.com/docs/git/2.8-6.html]
[git-scm.com/docs/git/2.7.html]
[git-scm.com/docs/git/2.7-2.html]
[git-scm.com/docs/git/2.7-3.html]
[git-scm.com/docs/git/2.7-4.html]
[git-scm.com/docs/git/2.7-5.html]
[git-scm.com/docs/git/2.7-6.html]
[git-scm.com/docs/git/2.6.html]
[git-scm.com/docs/git/2.6-2.html]
[git-scm.com/docs/git/2.6-3.html]
[git-scm.com/docs/git/2.6-4.html]
[git-scm.com/docs/git/2.6-5.html]
[git-scm.com/docs/git/2.6-6.html]
[git-scm.com/docs/git/2.6-7.html]
[git-scm.com/docs/git/2.6-8.html]
[git-scm.com/docs/git/2.5.html]
[git-scm.com/docs/git/2.5-2.html]
[git-scm.com/docs/git/2.5-3.html]
[git-scm.com/docs/git/2.5-4.html]
[git-scm.com/docs/git/2.5-5.html]
[git-scm.com/docs/git/2.5-6.html]
[git-scm.com/docs/git/2.5-7.html]
[git-scm.com/docs/git/2.4.html]
[git-scm.com/docs/git/2.4-2.html]
[git-scm.com/docs/git/2.4-3.html]
[git-scm.com/docs/git/2.4-4.html]
[git-scm.com/docs/git/2.4-5.html]
[git-scm.com/docs/git/2.4-6.html]
[git-scm.com/docs/git/2.4-7.html]
[git-scm.com/docs/git/2.4-8.html]
[git-scm.com/docs/git/2.4-9.html]
[git-scm.com/docs/git/2.4-10.html]
[git-scm.com/docs/git/2.4-11.html]
[git-scm.com/docs/git/2.4-12.html]
[git-scm.com/docs/git/2.4-13.html]
[git-scm.com/docs/git/2.3.html]
[git-scm.com/docs/git/2.3-2.html]
[git-scm.com/docs/git/2.3-3.html]
[git-scm.com/docs/git/2.3-4.html]
[git-scm.com/docs/git/2.3-5.html]
[git-scm.com/docs/git/2.3-6.html]
[git-scm.com/docs/git/2.3-7.html]
[git-scm.com/docs/git/2.3-8.html]
[git-scm.com/docs/git/2.3-9.html]
[git-scm.com/docs/git/2.3-10.html]
[git-scm.com/docs/git/2.3-11.html]
[git-scm.com/docs/git/2.2.html]
[git-scm.com/docs/git/2.2-2.html]
[git-scm.com/docs/git/2.2-3.html]
[git-scm.com/docs/git/2.2-4.html]
[git-scm.com/docs/git/2.1.html]
[git-scm.com/docs/git/2.1-2.html]
[git-scm.com/docs/git/2.1-3.html]
[git-scm.com/docs/git/2.1-4.html]
[git-scm.com/docs/git/2.1-5.html]
[git-scm.com/docs/git/2.0.html]
[git-scm.com/docs/git/2.0-2.html]
[git-scm.com/docs/git/2.0-3.html]
[git-scm.com/docs/git/2.0-4.html]
[git-scm.com/docs/user-manual/2.14.html]
[git-scm.com/docs/user-manual/2.7.html]
[git-scm.com/docs/user-manual/2.6.html]
[git-scm.com/docs/user-manual/2.6-2.html]
[git-scm.com/docs/user-manual/2.1.html]
[git-scm.com/docs/user-manual/2.4.html]
[git-scm.com/docs/user-manual/2.0.html]
[git-scm.com/docs/user-manual.html]
[git-scm.com/docs/pack-format.html]
[git-scm.com/docs/gitcli/2.14.html]
[git-scm.com/docs/gitcli.html]
[git-scm.com/docs/gitcli/2.1.html]
[git-scm.com/docs/gitnamespaces/2.11.html]
[git-scm.com/docs/gitnamespaces.html]
[git-scm.com/docs/git-remote-ext.html]
[git-scm.com/docs/git-replace/2.9.html]
[git-scm.com/docs/git-replace.html]
[git-scm.com/docs/git-citool.html]
[git-scm.com/docs/git-replace/2.1.html]
[git-scm.com/docs/git-gui/2.12.html]
[git-scm.com/docs/git-gui.html]
[git-scm.com/docs/git-gui/2.9.html]
[git-scm.com/docs/gitk/2.12.html]
[git-scm.com/docs/gitk/2.10.html]
[git-scm.com/docs/gitk/2.9.html]
[git-scm.com/docs/gitk/2.4.html]
[git-scm.com/docs/gitk/2.4-2.html]
[git-scm.com/docs/gitk/2.3.html]
[git-scm.com/docs/gitk.html]
[git-scm.com/docs/gitk/2.1.html]
[git-scm.com/docs/git-notes/2.9.html]
[git-scm.com/docs/git-notes/2.9-2.html]
[git-scm.com/docs/git-notes/2.8.html]
[git-scm.com/docs/git-notes/2.6.html]
[git-scm.com/docs/git-notes/2.6-2.html]
[git-scm.com/docs/git-notes.html]
[git-scm.com/docs/git-notes/2.3.html]
[git-scm.com/docs/git-worktree/2.13.html]
[git-scm.com/docs/git-worktree/2.12.html]
[git-scm.com/docs/git-worktree/2.10.html]
[git-scm.com/docs/git-worktree/2.10-2.html]
[git-scm.com/docs/git-worktree/2.9.html]
[git-scm.com/docs/git-worktree/2.7.html]
[git-scm.com/docs/git-worktree/2.7-2.html]
[git-scm.com/docs/git-worktree.html]
[git-scm.com/docs/git-worktree/2.6.html]
[git-scm.com/docs/git-fast-export/2.4.html]
[git-scm.com/docs/git-fast-export/2.2.html]
[git-scm.com/docs/git-fast-export.html]
[git-scm.com/docs/git-pack-refs.html]
[git-scm.com/docs/git-prune.html]
[git-scm.com/docs/git-fast-export/2.1.html]
[git-scm.com/docs/git-repack/2.14.html]
[git-scm.com/docs/git-repack/2.10.html]
[git-scm.com/docs/git-repack/2.9.html]
[git-scm.com/docs/git-repack/2.9-2.html]
[git-scm.com/docs/git-repack/2.8.html]
[git-scm.com/docs/git-repack/2.8-2.html]
[git-scm.com/docs/git-repack.html]
[git-scm.com/docs/git-repack/2.4.html]
[git-scm.com/docs/git-annotate/2.14.html]
[git-scm.com/docs/git-annotate.html]
[git-scm.com/docs/git-cherry.html]
[git-scm.com/docs/git-annotate/2.11.html]
[git-scm.com/docs/git-difftool/2.12.html]
[git-scm.com/docs/git-difftool/2.9.html]
[git-scm.com/docs/git-difftool.html]
[git-scm.com/docs/git-difftool/2.2.html]
[git-scm.com/docs/git-get-tar-commit-id.html]
[git-scm.com/docs/git-merge-tree.html]
[git-scm.com/docs/git-get-tar-commit-id/2.6.html]
[git-scm.com/docs/git-rerere.html]
[git-scm.com/docs/git-rerere/2.4.html]
[git-scm.com/docs/git-show-branch.html]
[git-scm.com/docs/git-show-branch/2.9.html]
[git-scm.com/docs/git-verify-commit/2.9.html]
[git-scm.com/docs/git-verify-commit.html]
[git-scm.com/docs/git-verify-commit/2.6.html]
[git-scm.com/docs/git-verify-tag/2.12.html]
[git-scm.com/docs/git-verify-tag.html]
[git-scm.com/docs/git-verify-tag/2.6.html]
[git-scm.com/docs/gitweb/2.13.html]
[git-scm.com/docs/gitweb.html]
[git-scm.com/docs/git-whatchanged.html]
[git-scm.com/docs/gitweb/2.9.html]
[git-scm.com/docs/git-archimport.html]
[git-scm.com/docs/git-cvsexportcommit.html]
[git-scm.com/docs/git-archimport/2.13.html]
[git-scm.com/docs/git-cvsimport/2.10.html]
[git-scm.com/docs/git-cvsimport/2.9.html]
[git-scm.com/docs/git-cvsimport.html]
[git-scm.com/docs/git-cvsimport/2.2.html]
[git-scm.com/docs/git-cvsserver/2.9.html]
[git-scm.com/docs/git-cvsserver/2.4.html]
[git-scm.com/docs/git-cvsserver.html]
[git-scm.com/docs/git-cvsserver/2.2.html]
[git-scm.com/docs/git-imap-send/2.3.html]
[git-scm.com/docs/git-imap-send/2.3-2.html]
[git-scm.com/docs/git-imap-send.html]
[git-scm.com/docs/git-imap-send/2.2.html]
[git-scm.com/docs/git-p4/2.12.html]
[git-scm.com/docs/git-p4/2.9.html]
[git-scm.com/docs/git-p4/2.9-2.html]
[git-scm.com/docs/git-p4/2.9-3.html]
[git-scm.com/docs/git-p4/2.8.html]
[git-scm.com/docs/git-p4/2.7.html]
[git-scm.com/docs/git-p4/2.6.html]
[git-scm.com/docs/git-p4/2.5.html]
[git-scm.com/docs/git-p4.html]
[git-scm.com/docs/git-p4/2.4.html]
[git-scm.com/docs/git-quiltimport/2.9.html]
[git-scm.com/docs/git-quiltimport/2.7.html]
[git-scm.com/docs/git-quiltimport.html]
[git-scm.com/docs/git-checkout-index.html]
[git-scm.com/docs/git-quiltimport/2.2.html]
[git-scm.com/docs/git-index-pack.html]
[git-scm.com/docs/git-index-pack/2.11.html]
[git-scm.com/docs/git-merge-file.html]
[git-scm.com/docs/git-merge-index.html]
[git-scm.com/docs/git-merge-file/2.6.html]
[git-scm.com/docs/git-mktag.html]
[git-scm.com/docs/git-mktag/2.6.html]
[git-scm.com/docs/git-mktree.html]
[git-scm.com/docs/git-mktree/2.9.html]
[git-scm.com/docs/git-pack-objects/2.14.html]
[git-scm.com/docs/git-pack-objects/2.9.html]
[git-scm.com/docs/git-pack-objects/2.8.html]
[git-scm.com/docs/git-pack-objects/2.4.html]
[git-scm.com/docs/git-pack-objects.html]
[git-scm.com/docs/git-pack-objects/2.3.html]
[git-scm.com/docs/git-prune-packed.html]
[git-scm.com/docs/git-prune-packed/2.2.html]
[git-scm.com/docs/git-unpack-objects/2.11.html]
[git-scm.com/docs/git-unpack-objects/2.6.html]
[git-scm.com/docs/git-unpack-objects.html]
[git-scm.com/docs/git-unpack-objects/2.4.html]
[git-scm.com/docs/git-diff-files.html]
[git-scm.com/docs/git-diff-files/2.14.html]
[git-scm.com/docs/git-diff-tree/2.14.html]
[git-scm.com/docs/git-diff-tree.html]
[git-scm.com/docs/git-ls-remote/2.8.html]
[git-scm.com/docs/git-ls-remote.html]
[git-scm.com/docs/git-ls-remote/2.6.html]
[git-scm.com/docs/git-diff-tree/2.9.html]
[git-scm.com/docs/git-ls-tree/2.13.html]
[git-scm.com/docs/git-ls-tree.html]
[git-scm.com/docs/git-ls-tree/2.9.html]
[git-scm.com/docs/git-name-rev.html]
[git-scm.com/docs/git-pack-redundant.html]
[git-scm.com/docs/git-name-rev/2.13.html]
[git-scm.com/docs/git-show-index.html]
[git-scm.com/docs/git-unpack-file.html]
[git-scm.com/docs/git-var.html]
[git-scm.com/docs/git-show-index/2.6.html]
[git-scm.com/docs/git-fetch-pack/2.11.html]
[git-scm.com/docs/git-fetch-pack/2.9.html]
[git-scm.com/docs/git-fetch-pack.html]
[git-scm.com/docs/git-fetch-pack/2.4.html]
[git-scm.com/docs/git-fetch-pack/2.8.html]
[git-scm.com/docs/git-fetch-pack/2.11-2.html]
[git-scm.com/docs/git-http-backend/2.4.html]
[git-scm.com/docs/git-http-backend.html]
[git-scm.com/docs/git-send-pack/2.13.html]
[git-scm.com/docs/git-http-backend/2.9.html]
[git-scm.com/docs/git-http-backend/2.4-2.html]
[git-scm.com/docs/git-send-pack/2.9.html]
[git-scm.com/docs/git-send-pack/2.6.html]
[git-scm.com/docs/git-send-pack/2.4.html]
[git-scm.com/docs/git-send-pack/2.4-2.html]
[git-scm.com/docs/git-send-pack.html]
[git-scm.com/docs/git-http-fetch.html]
[git-scm.com/docs/git-send-pack/2.1.html]
[git-scm.com/docs/git-http-push.html]
[git-scm.com/docs/git-parse-remote.html]
[git-scm.com/docs/git-http-push/2.9.html]
[git-scm.com/docs/git-receive-pack/2.13.html]
[git-scm.com/docs/git-receive-pack/2.11.html]
[git-scm.com/docs/git-receive-pack.html]
[git-scm.com/docs/git-receive-pack/2.2.html]
[git-scm.com/docs/git-shell/2.14.html]
[git-scm.com/docs/git-shell/2.14-2.html]
[git-scm.com/docs/git-receive-pack/2.4.html]
[git-scm.com/docs/git-shell/2.13-2.html]
[git-scm.com/docs/git-shell/2.13.html]
[git-scm.com/docs/git-shell/2.12.html]
[git-scm.com/docs/git-shell/2.12-2.html]
[git-scm.com/docs/git-shell/2.11.html]
[git-scm.com/docs/git-shell/2.11-2.html]
[git-scm.com/docs/git-shell.html]
[git-scm.com/docs/git-shell/2.9.html]
[git-scm.com/docs/git-upload-archive.html]
[git-scm.com/docs/git-shell/2.10.html]
[git-scm.com/docs/git-upload-archive/2.6.html]
[git-scm.com/docs/git-upload-pack.html]
[git-scm.com/docs/git-upload-pack/2.10.html]
[git-scm.com/docs/git-check-attr.html]
[git-scm.com/docs/git-check-mailmap.html]
[git-scm.com/docs/git-check-ref-format/2.12.html]
[git-scm.com/docs/git-check-attr/2.6.html]
[git-scm.com/docs/git-check-ref-format/2.10.html]
[git-scm.com/docs/git-check-ref-format.html]
[git-scm.com/docs/git-column.html]
[git-scm.com/docs/git-check-ref-format/2.6-2.html]
[git-scm.com/docs/git-check-ref-format/2.6.html]
[git-scm.com/docs/git-credential.html]
[git-scm.com/docs/api-credentials.html]
[git-scm.com/docs/git-credential-cache.html]
[git-scm.com/docs/git-credential-cache/2.8.html]
[git-scm.com/docs/git-credential-store/2.4.html]
[git-scm.com/docs/git-credential-cache/2.13.html]
[git-scm.com/docs/git-credential-store/2.9.html]
[git-scm.com/docs/git-credential-store.html]
[git-scm.com/docs/git-credential-store/2.1.html]
[git-scm.com/docs/git-fmt-merge-msg.html]
[git-scm.com/docs/git-fmt-merge-msg/2.6.html]
[git-scm.com/docs/git-interpret-trailers/2.13.html]
[git-scm.com/docs/git-fmt-merge-msg/2.4.html]
[git-scm.com/docs/git-interpret-trailers/2.11.html]
[git-scm.com/docs/git-interpret-trailers/2.9.html]
[git-scm.com/docs/git-interpret-trailers.html]
[git-scm.com/docs/git-fmt-merge-msg/2.10.html]
[git-scm.com/docs/git-interpret-trailers/2.8.html]
[git-scm.com/docs/git-interpret-trailers/2.6.html]
[git-scm.com/docs/git-mailinfo/2.8.html]
[git-scm.com/docs/git-mailinfo.html]
[git-scm.com/docs/git-mailinfo/2.3.html]
[git-scm.com/docs/git-mailsplit.html]
[git-scm.com/docs/git-merge-one-file.html]
[git-scm.com/docs/git-mailsplit/2.10.html]
[git-scm.com/docs/git-patch-id/2.14.html]
[git-scm.com/docs/git-patch-id.html]
[git-scm.com/docs/git-patch-id/2.6.html]
[git-scm.com/docs/git-sh-i18n{litdd}envsubst]
[git-scm.com/docs/git-sh-i18n.html]
[git-scm.com/docs/git-patch-id/2.1.html]
[git-scm.com/docs/git-sh-setup.html]
[git-scm.com/docs/git-sh-setup/2.9.html]
[git-scm.com/docs/git-stripspace/2.6.html]
[git-scm.com/docs/git-stripspace.html]
[git-scm.com/docs/git-stripspace/2.3.html]
[git-scm.com/docs/gitrepository-layout/2.12.html]
[git-scm.com/docs/git-stripspace/2.4.html]
[git-scm.com/docs/gitrepository-layout/2.10.html]
[git-scm.com/docs/gitrepository-layout/2.6.html]
[git-scm.com/docs/gitrepository-layout/2.5.html]
[git-scm.com/docs/gitrepository-layout.html]
[git-scm.com/docs/gitrepository-layout/2.1.html]
[git-scm.com/docs/githooks/2.14.html]
[git-scm.com/docs/githooks/2.13.html]
[git-scm.com/docs/githooks/2.10.html]
[git-scm.com/docs/githooks/2.9.html]
[git-scm.com/docs/githooks/2.7.html]
[git-scm.com/docs/githooks/2.4.html]
[git-scm.com/docs/githooks.html]
[git-scm.com/docs/githooks/2.2.html]
[git-scm.com/docs/gitcore-tutorial/2.13.html]
[git-scm.com/docs/gitcore-tutorial/2.12.html]
[git-scm.com/docs/gitcore-tutorial/2.11.html]
[git-scm.com/docs/gitcore-tutorial/2.8.html]
[git-scm.com/docs/gitcore-tutorial/2.9.html]
[git-scm.com/docs/gitcore-tutorial/2.4.html]
[git-scm.com/docs/gitcore-tutorial.html]
[git-scm.com/docs/gitcore-tutorial/2.2.html]
[git-scm.com/docs/gitcvs-migration/2.12.html]
[git-scm.com/docs/gitcvs-migration/2.10.html]
[git-scm.com/docs/gitcvs-migration.html]
[git-scm.com/docs/gitcvs-migration/2.2.html]
[git-scm.com/docs/gittutorial-2/2.12.html]
[git-scm.com/docs/gittutorial-2/2.2.html]
[git-scm.com/docs/gittutorial-2.html]
[git-scm.com/docs/git-config/2.14.html]
[git-scm.com/docs/git-config/2.9.html]
[git-scm.com/docs/git-config/2.9-2.html]
[git-scm.com/docs/git-config/2.9-3.html]
[git-scm.com/docs/_git-gui]
[git-scm.com/docs/git-config/2.8.html]
[git-scm.com/docs/git-config/2.8-2.html]
[git-scm.com/docs/git-config/2.8-3.html]
[git-scm.com/docs/git-config/2.6.html]
[git-scm.com/docs/git-config/2.4.html]
[git-scm.com/docs/git-config/2.1.html]
[git-scm.com/docs/git-web{litdd}browse.html]
[git-scm.com/docs/gitcredentials/2.13.html]
[git-scm.com/docs/gitcredentials/2.9.html]
[git-scm.com/docs/gitcredentials.html]
[git-scm.com/docs/gitcredentials/2.4.html]
[git-scm.com/docs/gitweb.conf/2.13.0]
[git-scm.com/docs/gitweb.conf/2.11.0]
[git-scm.com/docs/gitweb.conf/2.9.1]
[git-scm.com/docs/gitweb.conf/2.5.0]
[git-scm.com/docs/gitweb.conf/2.4.0]
[git-scm.com/docs/gitweb.conf/2.3.6]
[git-scm.com/docs/gitweb.conf/2.1.0]
[git-scm.com/docs/gitweb-2.html]
[git-scm.com/docs/git-help/2.9.html]
[git-scm.com/docs/git-help/2.9-2.html]
[git-scm.com/docs/git-help/2.1.html]
[git-scm.com/docs/git-init/2.12.html]
[git-scm.com/docs/git-init/2.9.html]
[git-scm.com/docs/git-init/2.9-2.html]
[git-scm.com/docs/git-init/2.4.html]
[git-scm.com/docs/git-init/2.2.html]
[git-scm.com/docs/git-clone/2.14.html]
[git-scm.com/docs/git-clone/2.13.html]
[git-scm.com/docs/git-clone/2.11.html]
[git-scm.com/docs/git-clone/2.9.html]
[git-scm.com/docs/git-clone/2.9-2.html]
[git-scm.com/docs/git-clone/2.8.html]
[git-scm.com/docs/git-clone/2.7.html]
[git-scm.com/docs/git-clone/2.7-2.html]
[git-scm.com/docs/git-clone/2.3.html]
[git-scm.com/docs/gitremote-helpers/2.13.html]
[git-scm.com/docs/gitremote-helpers/2.12.html]
[git-scm.com/docs/gitremote-helpers/2.9.html]
[git-scm.com/docs/gitremote-helpers/2.11.html]
[git-scm.com/docs/gitremote-helpers/2.9-2.html]
[git-scm.com/docs/gitremote-helpers/2.6.html]
[git-scm.com/docs/gitremote-helpers/2.2.html]
[git-scm.com/docs/git-remote-fd.html]
[git-scm.com/docs/gitremote-helpers.html]
[git-scm.com/docs/git-add/2.14.html]
[git-scm.com/docs/git-add/2.10.html]
[git-scm.com/docs/git-add/2.7.html]
[git-scm.com/docs/git-add/2.4.html]
[git-scm.com/docs/git-add/2.4-2.html]
[git-scm.com/docs/git-add/2.3.html]
[git-scm.com/docs/git-status/2.14.html]
[git-scm.com/docs/git-status/2.13.html]
[git-scm.com/docs/git-status/2.11.html]
[git-scm.com/docs/git-status/2.6.html]
[git-scm.com/docs/git-status/2.5.html]
[git-scm.com/docs/git-status/2.4.html]
[git-scm.com/docs/git-status/2.2.html]
[git-scm.com/docs/git-diff/2.14.html]
[git-scm.com/docs/git-diff/2.13.html]
[git-scm.com/docs/git-remote-testgit.html]
[git-scm.com/docs/gitdiffcore/2.12.html]
[git-scm.com/docs/gitdiffcore/2.12-2.html]
[git-scm.com/docs/gitdiffcore/2.9.html]
[git-scm.com/docs/gitdiffcore.html]
[git-scm.com/docs/git-commit/2.13.html]
[git-scm.com/docs/git-commit/2.13-2.html]
[git-scm.com/docs/git-commit/2.12.html]
[git-scm.com/docs/git-commit/2.11.html]
[git-scm.com/docs/git-commit/2.10.html]
[git-scm.com/docs/git-commit/2.9.html]
[git-scm.com/docs/git-commit/2.9-2.html]
[git-scm.com/docs/git-commit/2.9-3.html]
[git-scm.com/docs/git-commit/2.7.html]
[git-scm.com/docs/git-commit/2.6.html]
[git-scm.com/docs/git-commit/2.4.html]
[git-scm.com/docs/git-commit/2.4-2.html]
[git-scm.com/docs/git-commit/2.4-3.html]
[git-scm.com/docs/git-commit/2.2.html]
[git-scm.com/docs/git-reset/2.14.html]
[git-scm.com/docs/git-reset/2.13.html]
[git-scm.com/docs/git-reset/2.12.html]
[git-scm.com/docs/git-rm/2.14.html]
[git-scm.com/docs/git-rm/2.13.html]
[git-scm.com/docs/gitsubmodules.html]
[git-scm.com/docs/git-mv/2.9.html]
[git-scm.com/docs/gitdiffcore/2.4.html]
[git-scm.com/docs/git-branch/2.14.html]
[git-scm.com/docs/git-branch/2.13.html]
[git-scm.com/docs/git-branch/2.12.html]
[git-scm.com/docs/git-branch/2.9.html]
[git-scm.com/docs/git-branch/2.7.html]
[git-scm.com/docs/git-branch/2.6.html]
[git-scm.com/docs/git-branch/2.4.html]
[git-scm.com/docs/git-branch/2.4-2.html]
[git-scm.com/docs/git-checkout/2.13.html]
[git-scm.com/docs/git-checkout/2.10.html]
[git-scm.com/docs/git-checkout/2.9.html]
[git-scm.com/docs/git-checkout/2.7.html]
[git-scm.com/docs/git-checkout/2.5.html]
[git-scm.com/docs/git-checkout/2.5-2.html]
[git-scm.com/docs/git-checkout/2.4.html]
[git-scm.com/docs/git-checkout/2.4-2.html]
[git-scm.com/docs/git-merge/2.14.html]
[git-scm.com/docs/git-merge/2.13.html]
[git-scm.com/docs/git-merge/2.12.html]
[git-scm.com/docs/git-merge/2.9.html]
[git-scm.com/docs/git-merge/2.6.html]
[git-scm.com/docs/git-merge/2.6-2.html]
[git-scm.com/docs/git-merge/2.5.html]
[git-scm.com/docs/git-merge/2.4.html]
[git-scm.com/docs/git-merge/2.1.html]
[git-scm.com/docs/git-mergetool/2.11.html]
[git-scm.com/docs/git-mergetool/2.1.html]
[git-scm.com/docs/git-log/2.14.html]
[git-scm.com/docs/git-log/2.10.html]
[git-scm.com/docs/git-log/2.9.html]
[git-scm.com/docs/git-log/2.9-2.html]
[git-scm.com/docs/git-log/2.6.html]
[git-scm.com/docs/git-log/2.6-2.html]
[git-scm.com/docs/git-log/2.4.html]
[git-scm.com/docs/git-log/2.4-2.html]
[git-scm.com/docs/git-log/2.3.html]
[git-scm.com/docs/git-stash/2.14.html]
[git-scm.com/docs/git-stash/2.13.html]
[git-scm.com/docs/git-stash/2.12.html]
[git-scm.com/docs/git-stash/2.11.html]
[git-scm.com/docs/git-stash/2.7.html]
[git-scm.com/docs/git-tag/2.14.html]
[git-scm.com/docs/git-tag/2.13.html]
[git-scm.com/docs/git-tag/2.13-2.html]
[git-scm.com/docs/git-tag/2.12.html]
[git-scm.com/docs/git-tag/2.10.html]
[git-scm.com/docs/git-tag/2.9.html]
[git-scm.com/docs/git-tag/2.9-2.html]
[git-scm.com/docs/git-tag/2.7.html]
[git-scm.com/docs/git-tag/2.7-2.html]
[git-scm.com/docs/git-tag/2.6.html]
[git-scm.com/docs/git-tag/2.6-2.html]
[git-scm.com/docs/git-tag/2.5.html]
[git-scm.com/docs/git-tag/2.4.html]
[git-scm.com/docs/git-tag/2.4-2.html]
[git-scm.com/docs/git-tag/2.1.html]
[git-scm.com/docs/git-tag/2.1-2.html]
[git-scm.com/docs/git-tag/2.0.html]
[git-scm.com/docs/git-fetch/2.11.html]
[git-scm.com/docs/git-fetch/2.10.html]
[git-scm.com/docs/git-fetch/2.6.html]
[git-scm.com/docs/git-fetch/2.4.html]
[git-scm.com/docs/git-fetch/2.1.html]
[git-scm.com/docs/git-pull/2.14.html]
[git-scm.com/docs/git-pull/2.13.html]
[git-scm.com/docs/git-pull/2.13-2.html]
[git-scm.com/docs/git-pull/2.11.html]
[git-scm.com/docs/git-pull/2.9.html]
[git-scm.com/docs/git-pull/2.8.html]
[git-scm.com/docs/git-pull/2.5.html]
[git-scm.com/docs/git-pull/2.4.html]
[git-scm.com/docs/git-pull/2.3.html]
[git-scm.com/docs/git-push/2.13.html]
[git-scm.com/docs/git-push/2.12.html]
[git-scm.com/docs/git-push/2.11.html]
[git-scm.com/docs/git-push/2.10.html]
[git-scm.com/docs/git-push/2.9.html]
[git-scm.com/docs/git-push/2.9-2.html]
[git-scm.com/docs/git-push/2.9-3.html]
[git-scm.com/docs/git-push/2.8.html]
[git-scm.com/docs/git-push/2.7.html]
[git-scm.com/docs/git-push/2.7-2.html]
[git-scm.com/docs/git-push/2.6.html]
[git-scm.com/docs/git-push/2.6-2.html]
[git-scm.com/docs/git-push/2.4.html]
[git-scm.com/docs/git-push/2.4-2.html]
[git-scm.com/docs/git-push/2.3.html]
[git-scm.com/docs/git-push/2.3-2.html]
[git-scm.com/docs/git-push/2.2.html]
[git-scm.com/docs/git-push/2.2-2.html]
[git-scm.com/docs/git-push/2.1.html]
[git-scm.com/docs/git-remote/2.9.html]
[git-scm.com/docs/git-remote/2.7.html]
[git-scm.com/docs/git-remote/2.6.html]
[git-scm.com/docs/git-remote/2.3.html]
[git-scm.com/docs/git-remote/2.3-2.html]
[git-scm.com/docs/git-submodule/2.14.html]
[git-scm.com/docs/git-submodule/2.13.html]
[git-scm.com/docs/git-submodule/2.12.html]
[git-scm.com/docs/git-submodule/2.10.html]
[git-scm.com/docs/git-submodule/2.10-2.html]
[git-scm.com/docs/git-submodule/2.9.html]
[git-scm.com/docs/git-submodule/2.8.html]
[git-scm.com/docs/git-submodule/2.6.html]
[git-scm.com/docs/git-submodule/2.4.html]
[git-scm.com/docs/git-submodule/2.3.html]
[git-scm.com/docs/git-submodule/2.0.html]
[git-scm.com/docs/git-show/2.14.html]
[git-scm.com/docs/git-show/2.4.html]
[git-scm.com/docs/git-shortlog/2.12.html]
[git-scm.com/docs/git-describe/2.13.html]
[git-scm.com/docs/git-describe/2.9.html]
[git-scm.com/docs/git-describe/2.6.html]
[git-scm.com/docs/git-describe/2.4.html]
[git-scm.com/docs/git-apply/2.13.html]
[git-scm.com/docs/git-apply/2.8.html]
[git-scm.com/docs/git-apply/2.4.html]
[git-scm.com/docs/git-apply/2.3.html]
[git-scm.com/docs/git-cherry-pick/2.9.html]
[git-scm.com/docs/git-cherry-pick/2.9-2.html]
[git-scm.com/docs/git-cherry-pick/2.7.html]
[git-scm.com/docs/git-cherry-pick/2.6.html]
[git-scm.com/docs/git-cherry-pick/2.3.html]
[git-scm.com/docs/git-rebase/howto/revert-a-faulty-merge.html]
[git-scm.com/docs/git-rebase/2.14.html]
[git-scm.com/docs/git-rebase/2.13.html]
[git-scm.com/docs/git-rebase/2.13-2.html]
[git-scm.com/docs/git-rebase/2.12.html]
[git-scm.com/docs/git-rebase/2.9.html]
[git-scm.com/docs/git-rebase/2.9-2.html]
[git-scm.com/docs/git-rebase/2.8.html]
[git-scm.com/docs/git-rebase/2.6.html]
[git-scm.com/docs/git-rebase/2.6-2.html]
[git-scm.com/docs/git-rebase/2.6-3.html]
[git-scm.com/docs/git-rebase/2.4.html]
[git-scm.com/docs/git-rebase/2.4-2.html]
[git-scm.com/docs/git-rebase/2.3.html]
[git-scm.com/docs/git-rebase/2.2.html]
[git-scm.com/docs/git-rebase/2.1.html]
[git-scm.com/docs/git-revert/howto/revert-a-faulty-merge.html]
[git-scm.com/docs/git-revert/2.9.html]
[git-scm.com/docs/git-revert/2.7.html]
[git-scm.com/docs/git-revert/2.6.html]
[git-scm.com/docs/git-bisect/2.13.html]
[git-scm.com/docs/git-bisect/2.11.html]
[git-scm.com/docs/git-bisect/2.9.html]
[git-scm.com/docs/git-bisect/2.9-2.html]
[git-scm.com/docs/git-bisect/2.7.html]
[git-scm.com/docs/git-bisect/2.6.html]
[git-scm.com/docs/git-bisect/2.6-2.html]
[git-scm.com/docs/git-bisect/2.1.html]
[git-scm.com/docs/git-bisect-lk2009/2.13.html]
[git-scm.com/docs/git-bisect-lk2009/2.13-2.html]
[git-scm.com/docs/git-bisect-lk2009/2.9.html]
[git-scm.com/docs/git-bisect-lk2009/2.6.html]
[git-scm.com/docs/git-bisect-lk2009.html]
[git-scm.com/docs/git-blame/2.14.html]
[git-scm.com/docs/git-blame/2.11.html]
[git-scm.com/docs/git-blame/2.8.html]
[git-scm.com/docs/git-blame/2.5.html]
[git-scm.com/docs/git-grep/2.14.html]
[git-scm.com/docs/git-grep/2.12.html]
[git-scm.com/docs/git-grep/2.9.html]
[git-scm.com/docs/git-grep/2.9-2.html]
[git-scm.com/docs/git-grep/2.8.html]
[git-scm.com/docs/git-grep/2.6.html]
[git-scm.com/docs/git-grep/2.1.html]
[git-scm.com/docs/gitattributes/2.14.html]
[git-scm.com/docs/gitattributes/2.13.html]
[git-scm.com/docs/gitattributes/2.13-2.html]
[git-scm.com/docs/gitattributes/2.11.html]
[git-scm.com/docs/gitattributes/2.11-2.html]
[git-scm.com/docs/gitattributes/2.10.html]
[git-scm.com/docs/gitattributes/2.9.html]
[git-scm.com/docs/gitattributes/2.9-2.html]
[git-scm.com/docs/gitattributes/2.6.html]
[git-scm.com/docs/gitattributes/2.5.html]
[git-scm.com/docs/gitattributes/2.4.html]
[git-scm.com/docs/gitattributes/2.2.html]
[git-scm.com/docs/git-bisect-lk2009/2.2.html]
[git-scm.com/docs/giteveryday/howto/update-hook-example.html]
[git-scm.com/docs/giteveryday/2.12.html]
[git-scm.com/docs/giteveryday/2.6.html]
[git-scm.com/docs/gitglossary/2.14.html]
[git-scm.com/docs/gitglossary/2.12.html]
[git-scm.com/docs/gitglossary/2.2.html]
[git-scm.com/docs/gitignore/2.9.html]
[git-scm.com/docs/gitignore/2.7.html]
[git-scm.com/docs/gitignore/2.7-2.html]
[git-scm.com/docs/gitignore/2.4.html]
[git-scm.com/docs/gitignore/2.3.html]
[git-scm.com/docs/gitignore/2.1.html]
[git-scm.com/docs/gitmodules/2.13.html]
[git-scm.com/docs/gitmodules/2.10.html]
[git-scm.com/docs/gitmodules/2.10-2.html]
[git-scm.com/docs/gitmodules/2.9.html]
[git-scm.com/docs/gitmodules/2.3.html]
[git-scm.com/docs/gitrevisions/2.14.html]
[git-scm.com/docs/gitrevisions/2.10.html]
[git-scm.com/docs/gitrevisions/2.6.html]
[git-scm.com/docs/gittutorial/2.12.html]
[git-scm.com/docs/gittutorial/2.8.html]
[git-scm.com/docs/gittutorial/2.2.html]
[git-scm.com/docs/gitworkflows/2.12.html]
[git-scm.com/docs/git-am/2.10.html]
[git-scm.com/docs/git-am/2.9.html]
[git-scm.com/docs/git-am/2.7.html]
[git-scm.com/docs/git-am/2.6.html]
[git-scm.com/docs/git-am/2.6-2.html]
[git-scm.com/docs/git-am/2.3.html]
[git-scm.com/docs/git-am/2.3-2.html]
[git-scm.com/docs/git-am/2.2.html]
[git-scm.com/docs/git-format-patch/2.14.html]
[git-scm.com/docs/git-format-patch/2.13.html]
[git-scm.com/docs/git-format-patch/2.12.html]
[git-scm.com/docs/git-format-patch/2.11.html]
[git-scm.com/docs/git-format-patch/2.9.html]
[git-scm.com/docs/git-format-patch/2.9-2.html]
[git-scm.com/docs/git-format-patch/2.8.html]
[git-scm.com/docs/git-format-patch/2.7.html]
[git-scm.com/docs/git-format-patch/2.7-2.html]
[git-scm.com/docs/git-format-patch/2.6.html]
[git-scm.com/docs/git-format-patch/2.4.html]
[git-scm.com/docs/git-format-patch/2.4-2.html]
[git-scm.com/docs/git-format-patch/2.1.html]
[git-scm.com/docs/git-send-email/2.14.html]
[git-scm.com/docs/git-send-email/2.12.html]
[git-scm.com/docs/git-send-email/2.9.html]
[git-scm.com/docs/git-send-email/2.9-2.html]
[git-scm.com/docs/git-send-email/2.9-3.html]
[git-scm.com/docs/git-send-email/2.7.html]
[git-scm.com/docs/git-send-email/2.6.html]
[git-scm.com/docs/git-send-email/2.5.html]
[git-scm.com/docs/git-send-email/2.4.html]
[git-scm.com/docs/git-send-email/2.3.html]
[git-scm.com/docs/git-send-email/2.1.html]
[git-scm.com/docs/git-request-pull/2.6.html]
[git-scm.com/docs/git-svn/2.14.html]
[git-scm.com/docs/git-svn/2.11.html]
[git-scm.com/docs/git-svn/2.10.html]
[git-scm.com/docs/git-svn/2.9.html]
[git-scm.com/docs/git-svn/2.9-2.html]
[git-scm.com/docs/git-svn/2.8.html]
[git-scm.com/docs/git-svn/2.5.html]
[git-scm.com/docs/git-svn/2.4.html]
[git-scm.com/docs/git-svn/2.2.html]
[git-scm.com/docs/git-svn/2.1.html]
[git-scm.com/docs/git-fast-import/2.14.html]
[git-scm.com/docs/git-fast-import/2.10.html]
[git-scm.com/docs/git-fast-import/2.9.html]
[git-scm.com/docs/git-fast-import/2.6.html]
[git-scm.com/docs/git-fast-import/2.4.html]
[git-scm.com/docs/git-fast-import/2.3.html]
[git-scm.com/docs/git-fast-import/2.2.html]
[git-scm.com/docs/git-fast-import/2.1.html]
[git-scm.com/docs/git-clean/2.9.html]
[git-scm.com/docs/git-clean/2.7.html]
[git-scm.com/docs/git-clean/2.3.html]
[git-scm.com/docs/git-clean/2.2.html]
[git-scm.com/docs/git-gc/2.12.html]
[git-scm.com/docs/git-gc/2.11.html]
[git-scm.com/docs/git-gc/2.9.html]
[git-scm.com/docs/git-gc/2.6.html]
[git-scm.com/docs/git-gc/2.4.html]
[git-scm.com/docs/git-fsck/2.10.html]
[git-scm.com/docs/git-fsck/2.9.html]
[git-scm.com/docs/git-fsck/2.6.html]
[git-scm.com/docs/git-reflog/2.6.html]
[git-scm.com/docs/git-reflog/2.4.html]
[git-scm.com/docs/git-filter-branch/2.14.html]
[git-scm.com/docs/git-filter-branch/2.13.html]
[git-scm.com/docs/git-filter-branch/2.12.html]
[git-scm.com/docs/git-filter-branch/2.9.html]
[git-scm.com/docs/git-filter-branch/2.9-2.html]
[git-scm.com/docs/git-filter-branch/2.8.html]
[git-scm.com/docs/git-filter-branch/2.2.html]
[git-scm.com/docs/git-instaweb/2.9.html]
[git-scm.com/docs/git-instaweb/2.4.html]
[git-scm.com/docs/git-bundle/2.8.html]
[git-scm.com/docs/git-daemon/2.9.html]
[git-scm.com/docs/git-daemon/2.9-2.html]
[git-scm.com/docs/git-daemon/2.1.html]
[git-scm.com/docs/git-cat-file/2.11.html]
[git-scm.com/docs/git-cat-file/2.9.html]
[git-scm.com/docs/git-cat-file/2.6.html]
[git-scm.com/docs/git-cat-file/2.6-2.html]
[git-scm.com/docs/git-cat-file/2.5.html]
[git-scm.com/docs/git-check-ignore/2.8.html]
[git-scm.com/docs/git-check-ignore/2.6.html]
[git-scm.com/docs/git-check-ignore/2.6-2.html]
[git-scm.com/docs/git-check-ignore/2.4.html]
[git-scm.com/docs/git-check-ignore/2.3.html]
[git-scm.com/docs/git-commit-tree/2.14.html]
[git-scm.com/docs/git-commit-tree/2.9.html]
[git-scm.com/docs/git-commit-tree/2.9-2.html]
[git-scm.com/docs/git-commit-tree/2.6.html]
[git-scm.com/docs/git-commit-tree/2.6-2.html]
[git-scm.com/docs/git-commit-tree/2.4.html]
[git-scm.com/docs/git-count-objects/2.11.html]
[git-scm.com/docs/git-diff-index/2.14.html]
[git-scm.com/docs/git-diff-index/2.9.html]
[git-scm.com/docs/git-for-each-ref/2.14.html]
[git-scm.com/docs/git-for-each-ref/2.13.html]
[git-scm.com/docs/git-for-each-ref/2.12.html]
[git-scm.com/docs/git-for-each-ref/2.9.html]
[git-scm.com/docs/git-for-each-ref/2.8.html]
[git-scm.com/docs/_git-rev-list]
[git-scm.com/docs/git-for-each-ref/2.8-2.html]
[git-scm.com/docs/git-for-each-ref/2.8-3.html]
[git-scm.com/docs/git-for-each-ref/2.7.html]
[git-scm.com/docs/git-for-each-ref/2.7-2.html]
[git-scm.com/docs/git-for-each-ref/2.5.html]
[git-scm.com/docs/git-hash-object/2.6.html]
[git-scm.com/docs/git-hash-object/2.4.html]
[git-scm.com/docs/git-ls-files/2.13.html]
[git-scm.com/docs/git-ls-files/2.11.html]
[git-scm.com/docs/git-ls-files/2.10.html]
[git-scm.com/docs/git-ls-files/2.9.html]
[git-scm.com/docs/git-ls-files/2.8.html]
[git-scm.com/docs/git-ls-files/2.1.html]
[git-scm.com/docs/git-merge-base/2.10.html]
[git-scm.com/docs/git-read-tree/2.13.html]
[git-scm.com/docs/git-read-tree/2.13-2.html]
[git-scm.com/docs/git-read-tree/2.1.html]
[git-scm.com/docs/git-rev-list/2.14.html]
[git-scm.com/docs/git-rev-list/2.7.html]
[git-scm.com/docs/git-rev-list/2.4.html]
[git-scm.com/docs/git-rev-list/2.4-2.html]
[git-scm.com/docs/git-rev-list/2.3.html]
[git-scm.com/docs/git-rev-list/2.2.html]
[git-scm.com/docs/git-rev-parse/2.13.html]
[git-scm.com/docs/git-rev-parse/2.13-2.html]
[git-scm.com/docs/git-rev-parse/2.12.html]
[git-scm.com/docs/git-rev-parse/2.5.html]
[git-scm.com/docs/git-rev-parse/2.5-2.html]
[git-scm.com/docs/git-rev-parse/2.4.html]
[git-scm.com/docs/git-rev-parse/2.2.html]
[git-scm.com/docs/git-rev-parse/2.1.html]
[git-scm.com/docs/git-rev-parse/2.0.html]
[git-scm.com/docs/git-show-ref/2.9.html]
[git-scm.com/docs/git-show-ref/2.6.html]
[git-scm.com/docs/git-update-index/2.13.html]
[git-scm.com/docs/git-update-index/2.9.html]
[git-scm.com/docs/git-update-index/2.8.html]
[git-scm.com/docs/git-update-index/2.6.html]
[git-scm.com/docs/git-update-index/2.6-2.html]
[git-scm.com/docs/git-update-index/2.5.html]
[git-scm.com/docs/git-update-index/2.3.html]
[git-scm.com/docs/git-update-index/2.2.html]
[git-scm.com/docs/git-update-index/2.1.html]
[git-scm.com/docs/git-update-ref/2.6.html]
[git-scm.com/docs/git-update-ref/2.1.html]
[git-scm.com/docs/git-verify-pack/2.4.html]
[git-scm.com/docs/git-relink.html]
[git-scm.com/docs/user-manual/howto/setup-git-server-over-http.html]
[git-scm.com/docs/user-manual/2.14.html]
[git-scm.com/docs/user-manual/2.7.html]
[git-scm.com/docs/user-manual/2.6.html]
[git-scm.com/docs/user-manual/2.6-2.html]
[git-scm.com/docs/user-manual/2.4.html]
[git-scm.com/docs/user-manual/2.1.html]
[git-scm.com/docs/user-manual/2.0.html]
[git-scm.com/docs/pack-format.html]
[git-scm.com/docs/gitcli/2.14.html]
[git-scm.com/docs/gitcli/2.1.html]
[git-scm.com/docs/gitnamespaces/2.11.html]
[git-scm.com/docs/user-manual-2.html]
[git-scm.com/docs/git-remote-ext.html]
[git-scm.com/docs/git-replace/2.9.html]
[git-scm.com/docs/git-replace/2.1.html]
[git-scm.com/docs/git-gui/2.12.html]
[git-scm.com/docs/git-gui/2.9.html]
[git-scm.com/docs/gitk/2.12.html]
[git-scm.com/docs/gitk/2.10.html]
[git-scm.com/docs/gitk/2.9.html]
[git-scm.com/docs/gitk/2.4.html]
[git-scm.com/docs/gitk/2.4-2.html]
[git-scm.com/docs/gitk/2.3.html]
[git-scm.com/docs/gitk/2.1.html]
[git-scm.com/docs/git-notes/2.9.html]
[git-scm.com/docs/git-notes/2.9-2.html]
[git-scm.com/docs/git-notes/2.8.html]
[git-scm.com/docs/git-notes/2.6.html]
[git-scm.com/docs/git-notes/2.6-2.html]
[git-scm.com/docs/git-notes/2.3.html]
[git-scm.com/docs/git-worktree/2.13.html]
[git-scm.com/docs/git-worktree/2.12.html]
[git-scm.com/docs/git-worktree/2.10.html]
[git-scm.com/docs/git-worktree/2.10-2.html]
[git-scm.com/docs/git-worktree/2.9.html]
[git-scm.com/docs/git-worktree/2.7.html]
[git-scm.com/docs/git-worktree/2.7-2.html]
[git-scm.com/docs/git-worktree/2.6.html]
[git-scm.com/docs/git-fast-export/2.4.html]
[git-scm.com/docs/git-fast-export/2.2.html]
[git-scm.com/docs/git-fast-export/2.1.html]
[git-scm.com/docs/git-repack/2.14.html]
[git-scm.com/docs/git-repack/2.10.html]
[git-scm.com/docs/git-repack/2.9.html]
[git-scm.com/docs/git-repack/2.9-2.html]
[git-scm.com/docs/git-repack/2.8.html]
[git-scm.com/docs/git-repack/2.8-2.html]
[git-scm.com/docs/git-repack/2.4.html]
[git-scm.com/docs/git-annotate/2.14.html]
[git-scm.com/docs/git-annotate/2.11.html]
[git-scm.com/docs/git-difftool/2.12.html]
[git-scm.com/docs/git-difftool/2.9.html]
[git-scm.com/docs/git-difftool/2.2.html]
[git-scm.com/docs/git-get-tar-commit-id/2.6.html]
[git-scm.com/docs/git-rerere/2.4.html]
[git-scm.com/docs/git-show-branch/2.9.html]
[git-scm.com/docs/git-verify-commit/2.9.html]
[git-scm.com/docs/git-verify-commit/2.6.html]
[git-scm.com/docs/git-verify-tag/2.12.html]
[git-scm.com/docs/git-verify-tag/2.6.html]
[git-scm.com/docs/gitweb/2.13.html]
[git-scm.com/docs/gitweb/2.9.html]
[git-scm.com/docs/git-archimport/2.13.html]
[git-scm.com/docs/git-cvsimport/2.10.html]
[git-scm.com/docs/git-cvsimport/2.9.html]
[git-scm.com/docs/git-cvsimport/2.2.html]
[git-scm.com/docs/git-cvsserver/2.9.html]
[git-scm.com/docs/git-cvsserver/2.4.html]
[git-scm.com/docs/git-cvsserver/2.2.html]
[git-scm.com/docs/git-imap-send/2.3.html]
[git-scm.com/docs/git-imap-send/2.3-2.html]
[git-scm.com/docs/git-imap-send/2.2.html]
[git-scm.com/docs/git-p4/2.12.html]
[git-scm.com/docs/git-p4/2.9.html]
[git-scm.com/docs/git-p4/2.9-2.html]
[git-scm.com/docs/git-p4/2.9-3.html]
[git-scm.com/docs/git-p4/2.8.html]
[git-scm.com/docs/git-p4/2.7.html]
[git-scm.com/docs/git-p4/2.6.html]
[git-scm.com/docs/git-p4/2.5.html]
[git-scm.com/docs/git-p4/2.4.html]
[git-scm.com/docs/git-quiltimport/2.9.html]
[git-scm.com/docs/git-quiltimport/2.7.html]
[git-scm.com/docs/git-quiltimport/2.2.html]
[git-scm.com/docs/git-index-pack/2.11.html]
[git-scm.com/docs/git-merge-file/2.6.html]
[git-scm.com/docs/git-mktag/2.6.html]
[git-scm.com/docs/git-mktree/2.9.html]
[git-scm.com/docs/git-pack-objects/2.14.html]
[git-scm.com/docs/git-pack-objects/2.9.html]
[git-scm.com/docs/git-pack-objects/2.8.html]
[git-scm.com/docs/git-pack-objects/2.4.html]
[git-scm.com/docs/git-pack-objects/2.3.html]
[git-scm.com/docs/git-prune-packed/2.2.html]
[git-scm.com/docs/git-unpack-objects/2.11.html]
[git-scm.com/docs/git-unpack-objects/2.6.html]
[git-scm.com/docs/git-unpack-objects/2.4.html]
[git-scm.com/docs/git-diff-files/2.14.html]
[git-scm.com/docs/git-diff-tree/2.14.html]
[git-scm.com/docs/git-diff-tree/2.9.html]
[git-scm.com/docs/git-ls-remote/2.8.html]
[git-scm.com/docs/git-ls-remote/2.6.html]
[git-scm.com/docs/git-ls-tree/2.13.html]
[git-scm.com/docs/git-ls-tree/2.9.html]
[git-scm.com/docs/git-name-rev/2.13.html]
[git-scm.com/docs/git-show-index/2.6.html]
[git-scm.com/docs/git-fetch-pack/2.11.html]
[git-scm.com/docs/git-fetch-pack/2.11-2.html]
[git-scm.com/docs/git-fetch-pack/2.9.html]
[git-scm.com/docs/git-fetch-pack/2.8.html]
[git-scm.com/docs/git-fetch-pack/2.4.html]
[git-scm.com/docs/git-http-backend/2.9.html]
[git-scm.com/docs/git-http-backend/2.4.html]
[git-scm.com/docs/git-http-backend/2.4-2.html]
[git-scm.com/docs/git-send-pack/2.13.html]
[git-scm.com/docs/git-send-pack/2.9.html]
[git-scm.com/docs/git-send-pack/2.6.html]
[git-scm.com/docs/git-send-pack/2.4.html]
[git-scm.com/docs/git-send-pack/2.4-2.html]
[git-scm.com/docs/git-send-pack/2.1.html]
[git-scm.com/docs/git-http-push/2.9.html]
[git-scm.com/docs/git-receive-pack/2.13.html]
[git-scm.com/docs/git-receive-pack/2.11.html]
[git-scm.com/docs/git-receive-pack/2.4.html]
[git-scm.com/docs/git-receive-pack/2.2.html]
[git-scm.com/docs/git-shell/2.14.html]
[git-scm.com/docs/git-shell/2.14-2.html]
[git-scm.com/docs/git-shell/2.13.html]
[git-scm.com/docs/git-shell/2.13-2.html]
[git-scm.com/docs/git-shell/2.12.html]
[git-scm.com/docs/git-shell/2.12-2.html]
[git-scm.com/docs/git-shell/2.11.html]
[git-scm.com/docs/git-shell/2.11-2.html]
[git-scm.com/docs/git-shell/2.10.html]
[git-scm.com/docs/git-shell/2.9.html]
[git-scm.com/docs/git-upload-archive/2.6.html]
[git-scm.com/docs/git-upload-pack/2.10.html]
[git-scm.com/docs/git-check-attr/2.6.html]
[git-scm.com/docs/git-check-ref-format/2.12.html]
[git-scm.com/docs/git-check-ref-format/2.10.html]
[git-scm.com/docs/git-check-ref-format/2.6.html]
[git-scm.com/docs/git-check-ref-format/2.6-2.html]
[git-scm.com/docs/git-remote-ext/2.2.html]
[git-scm.com/docs/user-manual/2.12.0]
[git-scm.com/docs/user-manual/2.8.0]
[git-scm.com/docs/api-credentials/2.8.html]
[git-scm.com/docs/api-credentials.html]
[git-scm.com/docs/git-credential-cache/2.13.html]
[git-scm.com/docs/git-credential-cache/2.8.html]
[git-scm.com/docs/git-credential-store/2.9.html]
[git-scm.com/docs/git-credential-store/2.4.html]
[git-scm.com/docs/git-credential-store/2.1.html]
[git-scm.com/docs/git-fmt-merge-msg/2.10.html]
[git-scm.com/docs/git-fmt-merge-msg/2.6.html]
[git-scm.com/docs/git-fmt-merge-msg/2.4.html]
[git-scm.com/docs/git-interpret-trailers/2.13.html]
[git-scm.com/docs/git-interpret-trailers/2.11.html]
[git-scm.com/docs/git-interpret-trailers/2.9.html]
[git-scm.com/docs/git-interpret-trailers/2.8.html]
[git-scm.com/docs/git-interpret-trailers/2.6.html]
[git-scm.com/docs/git-mailinfo/2.8.html]
[git-scm.com/docs/git-mailinfo/2.3.html]
[git-scm.com/docs/git-mailsplit/2.10.html]
[git-scm.com/docs/git-patch-id/2.14.html]
[git-scm.com/docs/git-patch-id/2.6.html]
[git-scm.com/docs/git-patch-id/2.1.html]
[git-scm.com/docs/git-sh-i18n{litdd}envsubst.html]
[git-scm.com/docs/git-sh-setup/2.9.html]
[git-scm.com/docs/git-stripspace/2.6.html]
[git-scm.com/docs/git-stripspace/2.4.html]
[git-scm.com/docs/git-stripspace/2.3.html]
[git-scm.com/docs/api-credentials/2.3.html]
[git-scm.com/docs/gitrepository-layout/2.12.html]
[git-scm.com/docs/gitrepository-layout/2.10.html]
[git-scm.com/docs/gitrepository-layout/2.6.html]
[git-scm.com/docs/gitrepository-layout/2.5.html]
[git-scm.com/docs/gitrepository-layout/2.1.html]
[git-scm.com/docs/githooks/2.14.html]
[git-scm.com/docs/githooks/2.13.html]
[git-scm.com/docs/githooks/2.10.html]
[git-scm.com/docs/githooks/2.9.html]
[git-scm.com/docs/githooks/2.7.html]
[git-scm.com/docs/githooks/2.4.html]
[git-scm.com/docs/githooks/2.2.html]
[git-scm.com/docs/gitcore-tutorial/2.13.html]
[git-scm.com/docs/gitcore-tutorial/2.12.html]
[git-scm.com/docs/gitcore-tutorial/2.11.html]
[git-scm.com/docs/gitcore-tutorial/2.9.html]
[git-scm.com/docs/gitcore-tutorial/2.8.html]
[git-scm.com/docs/gitcore-tutorial/2.4.html]
[git-scm.com/docs/gitcore-tutorial/2.2.html]
[git-scm.com/docs/gitcvs-migration/howto/update-hook-example.html]
[git-scm.com/docs/gitcvs-migration/2.12.html]
[git-scm.com/docs/gitcvs-migration/2.10.html]
[git-scm.com/docs/gitcvs-migration/2.2.html]
[git-scm.com/docs/gittutorial-2/2.12.html]
[git-scm.com/docs/gittutorial-2/2.2.html]
[git-scm.com/docs/_git-gui.html]
[git-scm.com/docs/gitcredentials/2.13.html]
[git-scm.com/docs/gitcredentials/2.9.html]
[git-scm.com/docs/gitcredentials/2.4.html]
[git-scm.com/docs/gitweb.conf/2.13.html]
[git-scm.com/docs/gitweb.conf/2.11.html]
[git-scm.com/docs/gitweb.conf/2.9.html]
[git-scm.com/docs/gitweb.conf/2.5.html]
[git-scm.com/docs/gitweb.conf/2.4.html]
[git-scm.com/docs/gitweb.conf/2.3.html]
[git-scm.com/docs/gitweb.conf/2.1.html]
[git-scm.com/docs/gitremote-helpers/2.13.html]
[git-scm.com/docs/gitremote-helpers/2.12.html]
[git-scm.com/docs/gitremote-helpers/2.11.html]
[git-scm.com/docs/gitremote-helpers/2.9.html]
[git-scm.com/docs/gitremote-helpers/2.9-2.html]
[git-scm.com/docs/gitremote-helpers/2.6.html]
[git-scm.com/docs/gitremote-helpers/2.2.html]
[git-scm.com/docs/git-remote-fd/2.10.html]
[git-scm.com/docs/gitremote-helpers/2.4.3]
[git-scm.com/docs/git-remote-fd.html]
[git-scm.com/docs/git-remote-testgit.html]
[git-scm.com/docs/git-remote-fd/2.2.html]
[git-scm.com/docs/gitdiffcore/2.12.html]
[git-scm.com/docs/gitdiffcore/2.12-2.html]
[git-scm.com/docs/gitdiffcore/2.9.html]
[git-scm.com/docs/gitdiffcore/2.4.html]
[git-scm.com/docs/git-rebase/howto/revert-a-faulty-merge.html]
[git-scm.com/docs/git-revert/howto/revert-a-faulty-merge.html]
[git-scm.com/docs/git-bisect-lk2009/2.13.html]
[git-scm.com/docs/git-bisect-lk2009/2.13-2.html]
[git-scm.com/docs/git-bisect-lk2009/2.9.html]
[git-scm.com/docs/git-bisect-lk2009/2.6.html]
[git-scm.com/docs/git-bisect-lk2009/2.2.html]
[git-scm.com/docs/giteveryday/howto/update-hook-example.html]
[git-scm.com/docs/_git-rev-list.html]
[git-scm.com/docs/user-manual/howto/setup-git-server-over-http.html]
[git-scm.com/docs/user-manual-2.html]
[git-scm.com/docs/user-manual/2.12.0]
[git-scm.com/docs/user-manual/2.8.0]
[git-scm.com/docs/git-remote-ext/2.2.html]
[git-scm.com/docs/api-credentials/2.8.html]
[git-scm.com/docs/api-credentials/2.3.html]
[git-scm.com/docs/gitcvs-migration/howto/update-hook-example.html]
[git-scm.com/docs/gitremote-helpers/2.4.3]
[git-scm.com/docs/git-remote-fd/2.10.html]
[git-scm.com/docs/git-remote-fd/2.2.html]
